Archive member included because of file (symbol)

/usr/local/CrossPack-AVR-20131216/lib/gcc/avr/4.8.1/avr5/libgcc.a(_udivmodqi4.o)
                              build/menu.o (__udivmodqi4)
/usr/local/CrossPack-AVR-20131216/lib/gcc/avr/4.8.1/avr5/libgcc.a(_divmodqi4.o)
                              build/menu.o (__divmodqi4)
/usr/local/CrossPack-AVR-20131216/lib/gcc/avr/4.8.1/avr5/libgcc.a(_udivmodsi4.o)
                              build/ff.o (__udivmodsi4)
/usr/local/CrossPack-AVR-20131216/lib/gcc/avr/4.8.1/avr5/libgcc.a(_exit.o)
                              /usr/local/CrossPack-AVR-20131216/lib/gcc/avr/4.8.1/../../../../avr/lib/avr5/crtm644.o (exit)
/usr/local/CrossPack-AVR-20131216/lib/gcc/avr/4.8.1/avr5/libgcc.a(_tablejump.o)
                              build/ledHandler.o (__tablejump2__)
/usr/local/CrossPack-AVR-20131216/lib/gcc/avr/4.8.1/avr5/libgcc.a(_copy_data.o)
                              build/buttonHandler.o (__do_copy_data)
/usr/local/CrossPack-AVR-20131216/lib/gcc/avr/4.8.1/avr5/libgcc.a(_clear_bss.o)
                              build/buttonHandler.o (__do_clear_bss)
/usr/local/CrossPack-AVR-20131216/lib/gcc/avr/4.8.1/avr5/libgcc.a(_muluhisi3.o)
                              build/ff.o (__muluhisi3)
/usr/local/CrossPack-AVR-20131216/lib/gcc/avr/4.8.1/avr5/libgcc.a(_umulhisi3.o)
                              /usr/local/CrossPack-AVR-20131216/lib/gcc/avr/4.8.1/avr5/libgcc.a(_muluhisi3.o) (__umulhisi3)
/usr/local/CrossPack-AVR-20131216/lib/gcc/avr/4.8.1/../../../../avr/lib/avr5/libm.a(addsf3.o)
                              build/ledHandler.o (__addsf3)
/usr/local/CrossPack-AVR-20131216/lib/gcc/avr/4.8.1/../../../../avr/lib/avr5/libm.a(addsf3x.o)
                              /usr/local/CrossPack-AVR-20131216/lib/gcc/avr/4.8.1/../../../../avr/lib/avr5/libm.a(addsf3.o) (__addsf3x)
/usr/local/CrossPack-AVR-20131216/lib/gcc/avr/4.8.1/../../../../avr/lib/avr5/libm.a(fixunssfsi.o)
                              build/ledHandler.o (__fixunssfsi)
/usr/local/CrossPack-AVR-20131216/lib/gcc/avr/4.8.1/../../../../avr/lib/avr5/libm.a(floatsisf.o)
                              build/ledHandler.o (__floatunsisf)
/usr/local/CrossPack-AVR-20131216/lib/gcc/avr/4.8.1/../../../../avr/lib/avr5/libm.a(fp_inf.o)
                              /usr/local/CrossPack-AVR-20131216/lib/gcc/avr/4.8.1/../../../../avr/lib/avr5/libm.a(addsf3x.o) (__fp_inf)
/usr/local/CrossPack-AVR-20131216/lib/gcc/avr/4.8.1/../../../../avr/lib/avr5/libm.a(fp_nan.o)
                              /usr/local/CrossPack-AVR-20131216/lib/gcc/avr/4.8.1/../../../../avr/lib/avr5/libm.a(addsf3x.o) (__fp_nan)
/usr/local/CrossPack-AVR-20131216/lib/gcc/avr/4.8.1/../../../../avr/lib/avr5/libm.a(fp_pscA.o)
                              /usr/local/CrossPack-AVR-20131216/lib/gcc/avr/4.8.1/../../../../avr/lib/avr5/libm.a(addsf3x.o) (__fp_pscA)
/usr/local/CrossPack-AVR-20131216/lib/gcc/avr/4.8.1/../../../../avr/lib/avr5/libm.a(fp_pscB.o)
                              /usr/local/CrossPack-AVR-20131216/lib/gcc/avr/4.8.1/../../../../avr/lib/avr5/libm.a(addsf3x.o) (__fp_pscB)
/usr/local/CrossPack-AVR-20131216/lib/gcc/avr/4.8.1/../../../../avr/lib/avr5/libm.a(fp_round.o)
                              /usr/local/CrossPack-AVR-20131216/lib/gcc/avr/4.8.1/../../../../avr/lib/avr5/libm.a(addsf3.o) (__fp_round)
/usr/local/CrossPack-AVR-20131216/lib/gcc/avr/4.8.1/../../../../avr/lib/avr5/libm.a(fp_split3.o)
                              /usr/local/CrossPack-AVR-20131216/lib/gcc/avr/4.8.1/../../../../avr/lib/avr5/libm.a(addsf3x.o) (__fp_split3)
/usr/local/CrossPack-AVR-20131216/lib/gcc/avr/4.8.1/../../../../avr/lib/avr5/libm.a(fp_zero.o)
                              /usr/local/CrossPack-AVR-20131216/lib/gcc/avr/4.8.1/../../../../avr/lib/avr5/libm.a(addsf3x.o) (__fp_zero)
/usr/local/CrossPack-AVR-20131216/lib/gcc/avr/4.8.1/../../../../avr/lib/avr5/libm.a(gesf2.o)
                              build/ledHandler.o (__gtsf2)
/usr/local/CrossPack-AVR-20131216/lib/gcc/avr/4.8.1/../../../../avr/lib/avr5/libm.a(mulsf3.o)
                              build/menu.o (__mulsf3)
/usr/local/CrossPack-AVR-20131216/lib/gcc/avr/4.8.1/../../../../avr/lib/avr5/libm.a(mulsf3x.o)
                              /usr/local/CrossPack-AVR-20131216/lib/gcc/avr/4.8.1/../../../../avr/lib/avr5/libm.a(mulsf3.o) (__mulsf3x)
/usr/local/CrossPack-AVR-20131216/lib/gcc/avr/4.8.1/../../../../avr/lib/avr5/libm.a(fp_cmp.o)
                              /usr/local/CrossPack-AVR-20131216/lib/gcc/avr/4.8.1/../../../../avr/lib/avr5/libm.a(gesf2.o) (__fp_cmp)
/usr/local/CrossPack-AVR-20131216/lib/gcc/avr/4.8.1/../../../../avr/lib/avr5/libc.a(tolower.o)
                              build/menu.o (tolower)
/usr/local/CrossPack-AVR-20131216/lib/gcc/avr/4.8.1/../../../../avr/lib/avr5/libc.a(toupper.o)
                              build/menu.o (toupper)
/usr/local/CrossPack-AVR-20131216/lib/gcc/avr/4.8.1/../../../../avr/lib/avr5/libc.a(memcpy_P.o)
                              build/menu.o (memcpy_P)
/usr/local/CrossPack-AVR-20131216/lib/gcc/avr/4.8.1/../../../../avr/lib/avr5/libc.a(strcpy_P.o)
                              build/menu.o (strcpy_P)
/usr/local/CrossPack-AVR-20131216/lib/gcc/avr/4.8.1/../../../../avr/lib/avr5/libc.a(memset.o)
                              build/menu.o (memset)
/usr/local/CrossPack-AVR-20131216/lib/gcc/avr/4.8.1/../../../../avr/lib/avr5/libc.a(itoa_ncheck.o)
                              build/presetManager.o (__itoa_ncheck)
/usr/local/CrossPack-AVR-20131216/lib/gcc/avr/4.8.1/../../../../avr/lib/avr5/libc.a(utoa_ncheck.o)
                              /usr/local/CrossPack-AVR-20131216/lib/gcc/avr/4.8.1/../../../../avr/lib/avr5/libc.a(itoa_ncheck.o) (__utoa_common)
/usr/local/CrossPack-AVR-20131216/lib/gcc/avr/4.8.1/../../../../avr/lib/avr5/libc.a(strrev.o)
                              /usr/local/CrossPack-AVR-20131216/lib/gcc/avr/4.8.1/../../../../avr/lib/avr5/libc.a(utoa_ncheck.o) (strrev)

Allocating common symbols
Common symbol       size              file

currentDisplayBuffer
                    0x20              build/menu.o
frontParser_midiMsg
                    0x3               build/frontPanelParser.o
adc_potValues       0x8               build/adcPots.o
dout_outputData     0x5               build/dout.o
led_pulsingLeds     0x1               build/ledHandler.o
buttonValue         0x1               build/encoder.o
led_pulseLedNumber  0x8               build/ledHandler.o
preset_Fatfs        0x22e             build/presetManager.o
led_blinkLedNumber  0x4               build/ledHandler.o
preset_File         0x20              build/presetManager.o
frontParser_sysexBuffer
                    0x7               build/frontPanelParser.o
editDisplayBuffer   0x22              build/menu.o
led_pulseEndTime    0x10              build/ledHandler.o
led_originalLedState
                    0x5               build/ledHandler.o
startBlock          0x4               build/diskIo.o
adc_potAvg          0x8               build/adcPots.o
parameter_values    0x112             build/menu.o
uart_txBuffer       0x102             build/uart.o
preset_currentName  0x8               build/presetManager.o
buttonHandler_stateMemory
                    0x1               build/buttonHandler.o
SDHC_flag           0x1               build/diskIo.o
totalBlocks         0x4               build/diskIo.o
frontParser_stepData
                    0x7               build/frontPanelParser.o
uart_rxBuffer       0x102             build/uart.o
enc_delta           0x1               build/encoder.o
cardType            0x1               build/diskIo.o
din_inputData       0x5               build/din.o
parameters2         0xe4              build/menu.o
led_blinkingLeds    0x1               build/ledHandler.o

Discarded input sections

 .bss           0x00000000        0x0 /usr/local/CrossPack-AVR-20131216/lib/gcc/avr/4.8.1/../../../../avr/lib/avr5/crtm644.o
 .text          0x00000000        0x0 build/buttonHandler.o
 .bss           0x00000000        0x0 build/buttonHandler.o
 .text          0x00000000        0x0 build/encoder.o
 .bss           0x00000000        0x0 build/encoder.o
 .text.encode_read1
                0x00000000        0xe build/encoder.o
 .text.encode_read2
                0x00000000       0x14 build/encoder.o
 .text          0x00000000        0x0 build/fifo.o
 .bss           0x00000000        0x0 build/fifo.o
 .text          0x00000000        0x0 build/frontPanelParser.o
 .bss           0x00000000        0x0 build/frontPanelParser.o
 .text.frontPanel_sendMidiMsg
                0x00000000       0x40 build/frontPanelParser.o
 .text          0x00000000        0x0 build/lcd.o
 .bss           0x00000000        0x0 build/lcd.o
 .text.lcd_generatechar
                0x00000000       0x4a build/lcd.o
 .text          0x00000000        0x0 build/diskIo.o
 .bss           0x00000000        0x0 build/diskIo.o
 .text          0x00000000        0x0 build/ff.o
 .bss           0x00000000        0x0 build/ff.o
 .text.f_lseek  0x00000000      0x344 build/ff.o
 .text.f_opendir
                0x00000000       0xd4 build/ff.o
 .text.f_readdir
                0x00000000      0x220 build/ff.o
 .text          0x00000000        0x0 build/SD_routines.o
 .bss           0x00000000        0x0 build/SD_routines.o
 .text.SD_erase
                0x00000000       0x72 build/SD_routines.o
 .text          0x00000000        0x0 build/SPI_routines.o
 .bss           0x00000000        0x0 build/SPI_routines.o
 .text          0x00000000        0x0 build/timebase.o
 .bss           0x00000000        0x0 build/timebase.o
 .text          0x00000000        0x0 build/adcPots.o
 .bss           0x00000000        0x0 build/adcPots.o
 .bss.adcCnt    0x00000000        0x1 build/adcPots.o
 .text          0x00000000        0x0 build/din.o
 .bss           0x00000000        0x0 build/din.o
 .text          0x00000000        0x0 build/dout.o
 .bss           0x00000000        0x0 build/dout.o
 .text          0x00000000        0x0 build/uart.o
 .bss           0x00000000        0x0 build/uart.o
 .text.uart_puts
                0x00000000       0x18 build/uart.o
 .text          0x00000000        0x0 build/ledHandler.o
 .bss           0x00000000        0x0 build/ledHandler.o
 .text.led_setValueTemp
                0x00000000       0x34 build/ledHandler.o
 .text.led_clearAll
                0x00000000       0x1e build/ledHandler.o
 .text.led_clearSequencerLeds9_16
                0x00000000       0x16 build/ledHandler.o
 .text.led_clearSequencerLeds1_8
                0x00000000       0x16 build/ledHandler.o
 .text.led_setMode2Leds
                0x00000000        0xc build/ledHandler.o
 .text          0x00000000        0x0 build/main.o
 .bss           0x00000000        0x0 build/main.o
 .text          0x00000000        0x0 build/Cc2Text.o
 .bss           0x00000000        0x0 build/Cc2Text.o
 .text          0x00000000        0x0 build/copyClearTools.o
 .bss           0x00000000        0x0 build/copyClearTools.o
 .text          0x00000000        0x0 build/menu.o
 .bss           0x00000000        0x0 build/menu.o
 .text.menu_sendAllParameters
                0x00000000       0x54 build/menu.o
 .text.menu_areMuteLedsShown
                0x00000000        0x6 build/menu.o
 .text          0x00000000        0x0 build/screensaver.o
 .bss           0x00000000        0x0 build/screensaver.o
 .text          0x00000000        0x0 build/presetManager.o
 .bss           0x00000000        0x0 build/presetManager.o
 .text          0x00000000        0x0 /usr/local/CrossPack-AVR-20131216/lib/gcc/avr/4.8.1/avr5/libgcc.a(_udivmodqi4.o)
 .bss           0x00000000        0x0 /usr/local/CrossPack-AVR-20131216/lib/gcc/avr/4.8.1/avr5/libgcc.a(_udivmodqi4.o)
 .text.libgcc.mul
                0x00000000        0x0 /usr/local/CrossPack-AVR-20131216/lib/gcc/avr/4.8.1/avr5/libgcc.a(_udivmodqi4.o)
 .text.libgcc   0x00000000        0x0 /usr/local/CrossPack-AVR-20131216/lib/gcc/avr/4.8.1/avr5/libgcc.a(_udivmodqi4.o)
 .text.libgcc.prologue
                0x00000000        0x0 /usr/local/CrossPack-AVR-20131216/lib/gcc/avr/4.8.1/avr5/libgcc.a(_udivmodqi4.o)
 .text.libgcc.builtins
                0x00000000        0x0 /usr/local/CrossPack-AVR-20131216/lib/gcc/avr/4.8.1/avr5/libgcc.a(_udivmodqi4.o)
 .text.libgcc.fmul
                0x00000000        0x0 /usr/local/CrossPack-AVR-20131216/lib/gcc/avr/4.8.1/avr5/libgcc.a(_udivmodqi4.o)
 .text.libgcc.fixed
                0x00000000        0x0 /usr/local/CrossPack-AVR-20131216/lib/gcc/avr/4.8.1/avr5/libgcc.a(_udivmodqi4.o)
 .text          0x00000000        0x0 /usr/local/CrossPack-AVR-20131216/lib/gcc/avr/4.8.1/avr5/libgcc.a(_divmodqi4.o)
 .bss           0x00000000        0x0 /usr/local/CrossPack-AVR-20131216/lib/gcc/avr/4.8.1/avr5/libgcc.a(_divmodqi4.o)
 .text.libgcc.mul
                0x00000000        0x0 /usr/local/CrossPack-AVR-20131216/lib/gcc/avr/4.8.1/avr5/libgcc.a(_divmodqi4.o)
 .text.libgcc   0x00000000        0x0 /usr/local/CrossPack-AVR-20131216/lib/gcc/avr/4.8.1/avr5/libgcc.a(_divmodqi4.o)
 .text.libgcc.prologue
                0x00000000        0x0 /usr/local/CrossPack-AVR-20131216/lib/gcc/avr/4.8.1/avr5/libgcc.a(_divmodqi4.o)
 .text.libgcc.builtins
                0x00000000        0x0 /usr/local/CrossPack-AVR-20131216/lib/gcc/avr/4.8.1/avr5/libgcc.a(_divmodqi4.o)
 .text.libgcc.fmul
                0x00000000        0x0 /usr/local/CrossPack-AVR-20131216/lib/gcc/avr/4.8.1/avr5/libgcc.a(_divmodqi4.o)
 .text.libgcc.fixed
                0x00000000        0x0 /usr/local/CrossPack-AVR-20131216/lib/gcc/avr/4.8.1/avr5/libgcc.a(_divmodqi4.o)
 .text          0x00000000        0x0 /usr/local/CrossPack-AVR-20131216/lib/gcc/avr/4.8.1/avr5/libgcc.a(_udivmodsi4.o)
 .bss           0x00000000        0x0 /usr/local/CrossPack-AVR-20131216/lib/gcc/avr/4.8.1/avr5/libgcc.a(_udivmodsi4.o)
 .text.libgcc.mul
                0x00000000        0x0 /usr/local/CrossPack-AVR-20131216/lib/gcc/avr/4.8.1/avr5/libgcc.a(_udivmodsi4.o)
 .text.libgcc   0x00000000        0x0 /usr/local/CrossPack-AVR-20131216/lib/gcc/avr/4.8.1/avr5/libgcc.a(_udivmodsi4.o)
 .text.libgcc.prologue
                0x00000000        0x0 /usr/local/CrossPack-AVR-20131216/lib/gcc/avr/4.8.1/avr5/libgcc.a(_udivmodsi4.o)
 .text.libgcc.builtins
                0x00000000        0x0 /usr/local/CrossPack-AVR-20131216/lib/gcc/avr/4.8.1/avr5/libgcc.a(_udivmodsi4.o)
 .text.libgcc.fmul
                0x00000000        0x0 /usr/local/CrossPack-AVR-20131216/lib/gcc/avr/4.8.1/avr5/libgcc.a(_udivmodsi4.o)
 .text.libgcc.fixed
                0x00000000        0x0 /usr/local/CrossPack-AVR-20131216/lib/gcc/avr/4.8.1/avr5/libgcc.a(_udivmodsi4.o)
 .text          0x00000000        0x0 /usr/local/CrossPack-AVR-20131216/lib/gcc/avr/4.8.1/avr5/libgcc.a(_exit.o)
 .bss           0x00000000        0x0 /usr/local/CrossPack-AVR-20131216/lib/gcc/avr/4.8.1/avr5/libgcc.a(_exit.o)
 .text.libgcc.mul
                0x00000000        0x0 /usr/local/CrossPack-AVR-20131216/lib/gcc/avr/4.8.1/avr5/libgcc.a(_exit.o)
 .text.libgcc.div
                0x00000000        0x0 /usr/local/CrossPack-AVR-20131216/lib/gcc/avr/4.8.1/avr5/libgcc.a(_exit.o)
 .text.libgcc   0x00000000        0x0 /usr/local/CrossPack-AVR-20131216/lib/gcc/avr/4.8.1/avr5/libgcc.a(_exit.o)
 .text.libgcc.prologue
                0x00000000        0x0 /usr/local/CrossPack-AVR-20131216/lib/gcc/avr/4.8.1/avr5/libgcc.a(_exit.o)
 .text.libgcc.builtins
                0x00000000        0x0 /usr/local/CrossPack-AVR-20131216/lib/gcc/avr/4.8.1/avr5/libgcc.a(_exit.o)
 .text.libgcc.fmul
                0x00000000        0x0 /usr/local/CrossPack-AVR-20131216/lib/gcc/avr/4.8.1/avr5/libgcc.a(_exit.o)
 .text.libgcc.fixed
                0x00000000        0x0 /usr/local/CrossPack-AVR-20131216/lib/gcc/avr/4.8.1/avr5/libgcc.a(_exit.o)
 .text          0x00000000        0x0 /usr/local/CrossPack-AVR-20131216/lib/gcc/avr/4.8.1/avr5/libgcc.a(_tablejump.o)
 .bss           0x00000000        0x0 /usr/local/CrossPack-AVR-20131216/lib/gcc/avr/4.8.1/avr5/libgcc.a(_tablejump.o)
 .text.libgcc.mul
                0x00000000        0x0 /usr/local/CrossPack-AVR-20131216/lib/gcc/avr/4.8.1/avr5/libgcc.a(_tablejump.o)
 .text.libgcc.div
                0x00000000        0x0 /usr/local/CrossPack-AVR-20131216/lib/gcc/avr/4.8.1/avr5/libgcc.a(_tablejump.o)
 .text.libgcc.prologue
                0x00000000        0x0 /usr/local/CrossPack-AVR-20131216/lib/gcc/avr/4.8.1/avr5/libgcc.a(_tablejump.o)
 .text.libgcc.builtins
                0x00000000        0x0 /usr/local/CrossPack-AVR-20131216/lib/gcc/avr/4.8.1/avr5/libgcc.a(_tablejump.o)
 .text.libgcc.fmul
                0x00000000        0x0 /usr/local/CrossPack-AVR-20131216/lib/gcc/avr/4.8.1/avr5/libgcc.a(_tablejump.o)
 .text.libgcc.fixed
                0x00000000        0x0 /usr/local/CrossPack-AVR-20131216/lib/gcc/avr/4.8.1/avr5/libgcc.a(_tablejump.o)
 .text          0x00000000        0x0 /usr/local/CrossPack-AVR-20131216/lib/gcc/avr/4.8.1/avr5/libgcc.a(_copy_data.o)
 .bss           0x00000000        0x0 /usr/local/CrossPack-AVR-20131216/lib/gcc/avr/4.8.1/avr5/libgcc.a(_copy_data.o)
 .text.libgcc.mul
                0x00000000        0x0 /usr/local/CrossPack-AVR-20131216/lib/gcc/avr/4.8.1/avr5/libgcc.a(_copy_data.o)
 .text.libgcc.div
                0x00000000        0x0 /usr/local/CrossPack-AVR-20131216/lib/gcc/avr/4.8.1/avr5/libgcc.a(_copy_data.o)
 .text.libgcc   0x00000000        0x0 /usr/local/CrossPack-AVR-20131216/lib/gcc/avr/4.8.1/avr5/libgcc.a(_copy_data.o)
 .text.libgcc.prologue
                0x00000000        0x0 /usr/local/CrossPack-AVR-20131216/lib/gcc/avr/4.8.1/avr5/libgcc.a(_copy_data.o)
 .text.libgcc.builtins
                0x00000000        0x0 /usr/local/CrossPack-AVR-20131216/lib/gcc/avr/4.8.1/avr5/libgcc.a(_copy_data.o)
 .text.libgcc.fmul
                0x00000000        0x0 /usr/local/CrossPack-AVR-20131216/lib/gcc/avr/4.8.1/avr5/libgcc.a(_copy_data.o)
 .text.libgcc.fixed
                0x00000000        0x0 /usr/local/CrossPack-AVR-20131216/lib/gcc/avr/4.8.1/avr5/libgcc.a(_copy_data.o)
 .text          0x00000000        0x0 /usr/local/CrossPack-AVR-20131216/lib/gcc/avr/4.8.1/avr5/libgcc.a(_clear_bss.o)
 .bss           0x00000000        0x0 /usr/local/CrossPack-AVR-20131216/lib/gcc/avr/4.8.1/avr5/libgcc.a(_clear_bss.o)
 .text.libgcc.mul
                0x00000000        0x0 /usr/local/CrossPack-AVR-20131216/lib/gcc/avr/4.8.1/avr5/libgcc.a(_clear_bss.o)
 .text.libgcc.div
                0x00000000        0x0 /usr/local/CrossPack-AVR-20131216/lib/gcc/avr/4.8.1/avr5/libgcc.a(_clear_bss.o)
 .text.libgcc   0x00000000        0x0 /usr/local/CrossPack-AVR-20131216/lib/gcc/avr/4.8.1/avr5/libgcc.a(_clear_bss.o)
 .text.libgcc.prologue
                0x00000000        0x0 /usr/local/CrossPack-AVR-20131216/lib/gcc/avr/4.8.1/avr5/libgcc.a(_clear_bss.o)
 .text.libgcc.builtins
                0x00000000        0x0 /usr/local/CrossPack-AVR-20131216/lib/gcc/avr/4.8.1/avr5/libgcc.a(_clear_bss.o)
 .text.libgcc.fmul
                0x00000000        0x0 /usr/local/CrossPack-AVR-20131216/lib/gcc/avr/4.8.1/avr5/libgcc.a(_clear_bss.o)
 .text.libgcc.fixed
                0x00000000        0x0 /usr/local/CrossPack-AVR-20131216/lib/gcc/avr/4.8.1/avr5/libgcc.a(_clear_bss.o)
 .text          0x00000000        0x0 /usr/local/CrossPack-AVR-20131216/lib/gcc/avr/4.8.1/avr5/libgcc.a(_muluhisi3.o)
 .bss           0x00000000        0x0 /usr/local/CrossPack-AVR-20131216/lib/gcc/avr/4.8.1/avr5/libgcc.a(_muluhisi3.o)
 .text.libgcc.div
                0x00000000        0x0 /usr/local/CrossPack-AVR-20131216/lib/gcc/avr/4.8.1/avr5/libgcc.a(_muluhisi3.o)
 .text.libgcc   0x00000000        0x0 /usr/local/CrossPack-AVR-20131216/lib/gcc/avr/4.8.1/avr5/libgcc.a(_muluhisi3.o)
 .text.libgcc.prologue
                0x00000000        0x0 /usr/local/CrossPack-AVR-20131216/lib/gcc/avr/4.8.1/avr5/libgcc.a(_muluhisi3.o)
 .text.libgcc.builtins
                0x00000000        0x0 /usr/local/CrossPack-AVR-20131216/lib/gcc/avr/4.8.1/avr5/libgcc.a(_muluhisi3.o)
 .text.libgcc.fmul
                0x00000000        0x0 /usr/local/CrossPack-AVR-20131216/lib/gcc/avr/4.8.1/avr5/libgcc.a(_muluhisi3.o)
 .text.libgcc.fixed
                0x00000000        0x0 /usr/local/CrossPack-AVR-20131216/lib/gcc/avr/4.8.1/avr5/libgcc.a(_muluhisi3.o)
 .text          0x00000000        0x0 /usr/local/CrossPack-AVR-20131216/lib/gcc/avr/4.8.1/avr5/libgcc.a(_umulhisi3.o)
 .bss           0x00000000        0x0 /usr/local/CrossPack-AVR-20131216/lib/gcc/avr/4.8.1/avr5/libgcc.a(_umulhisi3.o)
 .text.libgcc.div
                0x00000000        0x0 /usr/local/CrossPack-AVR-20131216/lib/gcc/avr/4.8.1/avr5/libgcc.a(_umulhisi3.o)
 .text.libgcc   0x00000000        0x0 /usr/local/CrossPack-AVR-20131216/lib/gcc/avr/4.8.1/avr5/libgcc.a(_umulhisi3.o)
 .text.libgcc.prologue
                0x00000000        0x0 /usr/local/CrossPack-AVR-20131216/lib/gcc/avr/4.8.1/avr5/libgcc.a(_umulhisi3.o)
 .text.libgcc.builtins
                0x00000000        0x0 /usr/local/CrossPack-AVR-20131216/lib/gcc/avr/4.8.1/avr5/libgcc.a(_umulhisi3.o)
 .text.libgcc.fmul
                0x00000000        0x0 /usr/local/CrossPack-AVR-20131216/lib/gcc/avr/4.8.1/avr5/libgcc.a(_umulhisi3.o)
 .text.libgcc.fixed
                0x00000000        0x0 /usr/local/CrossPack-AVR-20131216/lib/gcc/avr/4.8.1/avr5/libgcc.a(_umulhisi3.o)
 .text          0x00000000        0x0 /usr/local/CrossPack-AVR-20131216/lib/gcc/avr/4.8.1/../../../../avr/lib/avr5/libm.a(addsf3.o)
 .bss           0x00000000        0x0 /usr/local/CrossPack-AVR-20131216/lib/gcc/avr/4.8.1/../../../../avr/lib/avr5/libm.a(addsf3.o)
 .text          0x00000000        0x0 /usr/local/CrossPack-AVR-20131216/lib/gcc/avr/4.8.1/../../../../avr/lib/avr5/libm.a(addsf3x.o)
 .bss           0x00000000        0x0 /usr/local/CrossPack-AVR-20131216/lib/gcc/avr/4.8.1/../../../../avr/lib/avr5/libm.a(addsf3x.o)
 .text          0x00000000        0x0 /usr/local/CrossPack-AVR-20131216/lib/gcc/avr/4.8.1/../../../../avr/lib/avr5/libm.a(fixunssfsi.o)
 .bss           0x00000000        0x0 /usr/local/CrossPack-AVR-20131216/lib/gcc/avr/4.8.1/../../../../avr/lib/avr5/libm.a(fixunssfsi.o)
 .text          0x00000000        0x0 /usr/local/CrossPack-AVR-20131216/lib/gcc/avr/4.8.1/../../../../avr/lib/avr5/libm.a(floatsisf.o)
 .bss           0x00000000        0x0 /usr/local/CrossPack-AVR-20131216/lib/gcc/avr/4.8.1/../../../../avr/lib/avr5/libm.a(floatsisf.o)
 .text          0x00000000        0x0 /usr/local/CrossPack-AVR-20131216/lib/gcc/avr/4.8.1/../../../../avr/lib/avr5/libm.a(fp_inf.o)
 .bss           0x00000000        0x0 /usr/local/CrossPack-AVR-20131216/lib/gcc/avr/4.8.1/../../../../avr/lib/avr5/libm.a(fp_inf.o)
 .text          0x00000000        0x0 /usr/local/CrossPack-AVR-20131216/lib/gcc/avr/4.8.1/../../../../avr/lib/avr5/libm.a(fp_nan.o)
 .bss           0x00000000        0x0 /usr/local/CrossPack-AVR-20131216/lib/gcc/avr/4.8.1/../../../../avr/lib/avr5/libm.a(fp_nan.o)
 .text          0x00000000        0x0 /usr/local/CrossPack-AVR-20131216/lib/gcc/avr/4.8.1/../../../../avr/lib/avr5/libm.a(fp_pscA.o)
 .bss           0x00000000        0x0 /usr/local/CrossPack-AVR-20131216/lib/gcc/avr/4.8.1/../../../../avr/lib/avr5/libm.a(fp_pscA.o)
 .text          0x00000000        0x0 /usr/local/CrossPack-AVR-20131216/lib/gcc/avr/4.8.1/../../../../avr/lib/avr5/libm.a(fp_pscB.o)
 .bss           0x00000000        0x0 /usr/local/CrossPack-AVR-20131216/lib/gcc/avr/4.8.1/../../../../avr/lib/avr5/libm.a(fp_pscB.o)
 .text          0x00000000        0x0 /usr/local/CrossPack-AVR-20131216/lib/gcc/avr/4.8.1/../../../../avr/lib/avr5/libm.a(fp_round.o)
 .bss           0x00000000        0x0 /usr/local/CrossPack-AVR-20131216/lib/gcc/avr/4.8.1/../../../../avr/lib/avr5/libm.a(fp_round.o)
 .text          0x00000000        0x0 /usr/local/CrossPack-AVR-20131216/lib/gcc/avr/4.8.1/../../../../avr/lib/avr5/libm.a(fp_split3.o)
 .bss           0x00000000        0x0 /usr/local/CrossPack-AVR-20131216/lib/gcc/avr/4.8.1/../../../../avr/lib/avr5/libm.a(fp_split3.o)
 .text          0x00000000        0x0 /usr/local/CrossPack-AVR-20131216/lib/gcc/avr/4.8.1/../../../../avr/lib/avr5/libm.a(fp_zero.o)
 .bss           0x00000000        0x0 /usr/local/CrossPack-AVR-20131216/lib/gcc/avr/4.8.1/../../../../avr/lib/avr5/libm.a(fp_zero.o)
 .text          0x00000000        0x0 /usr/local/CrossPack-AVR-20131216/lib/gcc/avr/4.8.1/../../../../avr/lib/avr5/libm.a(gesf2.o)
 .bss           0x00000000        0x0 /usr/local/CrossPack-AVR-20131216/lib/gcc/avr/4.8.1/../../../../avr/lib/avr5/libm.a(gesf2.o)
 .text          0x00000000        0x0 /usr/local/CrossPack-AVR-20131216/lib/gcc/avr/4.8.1/../../../../avr/lib/avr5/libm.a(mulsf3.o)
 .bss           0x00000000        0x0 /usr/local/CrossPack-AVR-20131216/lib/gcc/avr/4.8.1/../../../../avr/lib/avr5/libm.a(mulsf3.o)
 .text          0x00000000        0x0 /usr/local/CrossPack-AVR-20131216/lib/gcc/avr/4.8.1/../../../../avr/lib/avr5/libm.a(mulsf3x.o)
 .bss           0x00000000        0x0 /usr/local/CrossPack-AVR-20131216/lib/gcc/avr/4.8.1/../../../../avr/lib/avr5/libm.a(mulsf3x.o)
 .text          0x00000000        0x0 /usr/local/CrossPack-AVR-20131216/lib/gcc/avr/4.8.1/../../../../avr/lib/avr5/libm.a(fp_cmp.o)
 .bss           0x00000000        0x0 /usr/local/CrossPack-AVR-20131216/lib/gcc/avr/4.8.1/../../../../avr/lib/avr5/libm.a(fp_cmp.o)
 .text          0x00000000        0x0 /usr/local/CrossPack-AVR-20131216/lib/gcc/avr/4.8.1/../../../../avr/lib/avr5/libc.a(tolower.o)
 .bss           0x00000000        0x0 /usr/local/CrossPack-AVR-20131216/lib/gcc/avr/4.8.1/../../../../avr/lib/avr5/libc.a(tolower.o)
 .text          0x00000000        0x0 /usr/local/CrossPack-AVR-20131216/lib/gcc/avr/4.8.1/../../../../avr/lib/avr5/libc.a(toupper.o)
 .bss           0x00000000        0x0 /usr/local/CrossPack-AVR-20131216/lib/gcc/avr/4.8.1/../../../../avr/lib/avr5/libc.a(toupper.o)
 .text          0x00000000        0x0 /usr/local/CrossPack-AVR-20131216/lib/gcc/avr/4.8.1/../../../../avr/lib/avr5/libc.a(memcpy_P.o)
 .bss           0x00000000        0x0 /usr/local/CrossPack-AVR-20131216/lib/gcc/avr/4.8.1/../../../../avr/lib/avr5/libc.a(memcpy_P.o)
 .text          0x00000000        0x0 /usr/local/CrossPack-AVR-20131216/lib/gcc/avr/4.8.1/../../../../avr/lib/avr5/libc.a(strcpy_P.o)
 .bss           0x00000000        0x0 /usr/local/CrossPack-AVR-20131216/lib/gcc/avr/4.8.1/../../../../avr/lib/avr5/libc.a(strcpy_P.o)
 .text          0x00000000        0x0 /usr/local/CrossPack-AVR-20131216/lib/gcc/avr/4.8.1/../../../../avr/lib/avr5/libc.a(memset.o)
 .bss           0x00000000        0x0 /usr/local/CrossPack-AVR-20131216/lib/gcc/avr/4.8.1/../../../../avr/lib/avr5/libc.a(memset.o)
 .text          0x00000000        0x0 /usr/local/CrossPack-AVR-20131216/lib/gcc/avr/4.8.1/../../../../avr/lib/avr5/libc.a(itoa_ncheck.o)
 .bss           0x00000000        0x0 /usr/local/CrossPack-AVR-20131216/lib/gcc/avr/4.8.1/../../../../avr/lib/avr5/libc.a(itoa_ncheck.o)
 .text          0x00000000        0x0 /usr/local/CrossPack-AVR-20131216/lib/gcc/avr/4.8.1/../../../../avr/lib/avr5/libc.a(utoa_ncheck.o)
 .bss           0x00000000        0x0 /usr/local/CrossPack-AVR-20131216/lib/gcc/avr/4.8.1/../../../../avr/lib/avr5/libc.a(utoa_ncheck.o)
 .text          0x00000000        0x0 /usr/local/CrossPack-AVR-20131216/lib/gcc/avr/4.8.1/../../../../avr/lib/avr5/libc.a(strrev.o)
 .bss           0x00000000        0x0 /usr/local/CrossPack-AVR-20131216/lib/gcc/avr/4.8.1/../../../../avr/lib/avr5/libc.a(strrev.o)

Memory Configuration

Name             Origin             Length             Attributes
text             0x00000000         0x00020000         xr
data             0x00800060         0x0000ffa0         rw !x
eeprom           0x00810000         0x00010000         rw !x
fuse             0x00820000         0x00000400         rw !x
lock             0x00830000         0x00000400         rw !x
signature        0x00840000         0x00000400         rw !x
user_signatures  0x00850000         0x00000400         rw !x
*default*        0x00000000         0xffffffff

Linker script and memory map

Address of section .data set to 0x800100
LOAD /usr/local/CrossPack-AVR-20131216/lib/gcc/avr/4.8.1/../../../../avr/lib/avr5/crtm644.o
START GROUP
LOAD /usr/local/CrossPack-AVR-20131216/lib/gcc/avr/4.8.1/../../../../avr/lib/avr5/libm.a
END GROUP
LOAD build/buttonHandler.o
LOAD build/encoder.o
LOAD build/fifo.o
LOAD build/frontPanelParser.o
LOAD build/lcd.o
LOAD build/diskIo.o
LOAD build/ff.o
LOAD build/SD_routines.o
LOAD build/SPI_routines.o
LOAD build/timebase.o
LOAD build/adcPots.o
LOAD build/din.o
LOAD build/dout.o
LOAD build/uart.o
LOAD build/ledHandler.o
LOAD build/main.o
LOAD build/Cc2Text.o
LOAD build/copyClearTools.o
LOAD build/menu.o
LOAD build/screensaver.o
LOAD build/presetManager.o
START GROUP
LOAD /usr/local/CrossPack-AVR-20131216/lib/gcc/avr/4.8.1/avr5/libgcc.a
LOAD /usr/local/CrossPack-AVR-20131216/lib/gcc/avr/4.8.1/../../../../avr/lib/avr5/libm.a
LOAD /usr/local/CrossPack-AVR-20131216/lib/gcc/avr/4.8.1/../../../../avr/lib/avr5/libc.a
END GROUP

.hash
 *(.hash)

.dynsym
 *(.dynsym)

.dynstr
 *(.dynstr)

.gnu.version
 *(.gnu.version)

.gnu.version_d
 *(.gnu.version_d)

.gnu.version_r
 *(.gnu.version_r)

.rel.init
 *(.rel.init)

.rela.init
 *(.rela.init)

.rel.text
 *(.rel.text)
 *(.rel.text.*)
 *(.rel.gnu.linkonce.t*)

.rela.text
 *(.rela.text)
 *(.rela.text.*)
 *(.rela.gnu.linkonce.t*)

.rel.fini
 *(.rel.fini)

.rela.fini
 *(.rela.fini)

.rel.rodata
 *(.rel.rodata)
 *(.rel.rodata.*)
 *(.rel.gnu.linkonce.r*)

.rela.rodata
 *(.rela.rodata)
 *(.rela.rodata.*)
 *(.rela.gnu.linkonce.r*)

.rel.data
 *(.rel.data)
 *(.rel.data.*)
 *(.rel.gnu.linkonce.d*)

.rela.data
 *(.rela.data)
 *(.rela.data.*)
 *(.rela.gnu.linkonce.d*)

.rel.ctors
 *(.rel.ctors)

.rela.ctors
 *(.rela.ctors)

.rel.dtors
 *(.rel.dtors)

.rela.dtors
 *(.rela.dtors)

.rel.got
 *(.rel.got)

.rela.got
 *(.rela.got)

.rel.bss
 *(.rel.bss)

.rela.bss
 *(.rela.bss)

.rel.plt
 *(.rel.plt)

.rela.plt
 *(.rela.plt)

.text           0x00000000     0x984a
 *(.vectors)
 .vectors       0x00000000       0x70 /usr/local/CrossPack-AVR-20131216/lib/gcc/avr/4.8.1/../../../../avr/lib/avr5/crtm644.o
                0x00000000                __vectors
 *(.vectors)
 *(.progmem.gcc*)
 .progmem.gcc_sw_table.led_setMode2
                0x00000070       0x10 build/ledHandler.o
 .progmem.gcc_sw_table.getMaxEntriesForMenu
                0x00000080       0x1c build/menu.o
 .progmem.gcc_sw_table.getMenuItemNameForValue
                0x0000009c       0x1c build/menu.o
 .progmem.gcc_sw_table.menu_repaintGeneric
                0x000000b8       0x2c build/menu.o
 .progmem.gcc_sw_table.menu_parseKnobValue
                0x000000e4       0x1e build/menu.o
 .progmem.gcc_sw_table.menu_parseEncoder
                0x00000102       0x1e build/menu.o
                0x00000120                . = ALIGN (0x2)
                0x00000120                __trampolines_start = .
 *(.trampolines)
 .trampolines   0x00000120        0x0 linker stubs
 *(.trampolines*)
                0x00000120                __trampolines_end = .
 *(.progmem*)
 .progmem.data.__c.2033
                0x00000120        0xb build/diskIo.o
 .progmem.data.__c.2031
                0x0000012b        0xe build/diskIo.o
 .progmem.data.__c.2029
                0x00000139        0xb build/diskIo.o
 .progmem.data.__c.2027
                0x00000144        0xe build/diskIo.o
 .progmem.data.__c.2025
                0x00000152        0x8 build/diskIo.o
 .progmem.data.__c.3371
                0x0000015a        0xf build/main.o
 .progmem.data.__c.3369
                0x00000169        0xc build/main.o
 .progmem.data.__c.3367
                0x00000175        0xe build/main.o
 .progmem.data.modTargetGapMap
                0x00000183       0x2b build/Cc2Text.o
                0x00000183                modTargetGapMap
 .progmem.data.modTargetVoiceOffsets
                0x000001ae        0xc build/Cc2Text.o
                0x000001ae                modTargetVoiceOffsets
 .progmem.data.modTargets
                0x000001ba      0x26a build/Cc2Text.o
                0x000001ba                modTargets
 .progmem.data.__c.3499
                0x00000424        0x8 build/menu.o
 .progmem.data.__c.3497
                0x0000042c        0xe build/menu.o
 .progmem.data.__c.3301
                0x0000043a        0x9 build/menu.o
 .progmem.data.__c.3298
                0x00000443        0x9 build/menu.o
 .progmem.data.__c.3295
                0x0000044c        0x9 build/menu.o
 .progmem.data.__c.3292
                0x00000455        0x9 build/menu.o
 .progmem.data.__c.3289
                0x0000045e        0x9 build/menu.o
 .progmem.data.__c.3286
                0x00000467        0x9 build/menu.o
 .progmem.data.__c.3282
                0x00000470        0x9 build/menu.o
 .progmem.data.__c.3279
                0x00000479        0x6 build/menu.o
 .progmem.data.__c.3277
                0x0000047f        0x6 build/menu.o
 .progmem.data.__c.3375
                0x00000485        0x6 build/menu.o
 .progmem.data.__c.3370
                0x0000048b        0x7 build/menu.o
 .progmem.data.parameter_dtypes
                0x00000492      0x112 build/menu.o
                0x00000492                parameter_dtypes
 .progmem.data.valueNames
                0x000005a4       0xfc build/menu.o
                0x000005a4                valueNames
 .progmem.data.longNames
                0x000006a0      0x410 build/menu.o
                0x000006a0                longNames
 .progmem.data.catNames
                0x00000ab0      0x190 build/menu.o
                0x00000ab0                catNames
 .progmem.data.shortNames
                0x00000c40      0x104 build/menu.o
                0x00000c40                shortNames
 .progmem.data.midiFilterNames
                0x00000d44      0x110 build/menu.o
                0x00000d44                midiFilterNames
 .progmem.data.midiRoutingNames
                0x00000e54       0x2a build/menu.o
                0x00000e54                midiRoutingNames
 .progmem.data.filterTypes
                0x00000e7e       0x40 build/menu.o
                0x00000e7e                filterTypes
 .progmem.data.outputNames
                0x00000ebe       0x31 build/menu.o
                0x00000ebe                outputNames
 .progmem.data.waveformNames
                0x00000eef       0x1c build/menu.o
                0x00000eef                waveformNames
 .progmem.data.syncRateNames
                0x00000f0b       0x34 build/menu.o
                0x00000f0b                syncRateNames
 .progmem.data.rollRateNames
                0x00000f3f       0x3c build/menu.o
                0x00000f3f                rollRateNames
 .progmem.data.lfoWaveNames
                0x00000f7b       0x24 build/menu.o
                0x00000f7b                lfoWaveNames
 .progmem.data.retriggerNames
                0x00000f9f       0x20 build/menu.o
                0x00000f9f                retriggerNames
 .progmem.data.nextPatternNames
                0x00000fbf       0x40 build/menu.o
                0x00000fbf                nextPatternNames
 .progmem.data.transientNames
                0x00000fff       0x3c build/menu.o
                0x00000fff                transientNames
 .progmem.data.quantisationNames
                0x0000103b       0x18 build/menu.o
                0x0000103b                quantisationNames
 .progmem.data.midiModes
                0x00001053        0xc build/menu.o
                0x00001053                midiModes
 .progmem.data.ppqNames
                0x0000105f       0x18 build/menu.o
                0x0000105f                ppqNames
 .progmem.data.menuText_any
                0x00001077        0x4 build/menu.o
                0x00001077                menuText_any
 .progmem.data.menuText_blank
                0x0000107b        0x4 build/menu.o
                0x0000107b                menuText_blank
 .progmem.data.menuText_dash
                0x0000107f        0x4 build/menu.o
                0x0000107f                menuText_dash
 .progmem.data.menuText_fm
                0x00001083        0x4 build/menu.o
                0x00001083                menuText_fm
 .progmem.data.menuText_mix
                0x00001087        0x4 build/menu.o
                0x00001087                menuText_mix
 .progmem.data.menuText_on
                0x0000108b        0x4 build/menu.o
                0x0000108b                menuText_on
 .progmem.data.menuText_off
                0x0000108f        0x4 build/menu.o
                0x0000108f                menuText_off
 .progmem.data.menuText_ok
                0x00001093        0x4 build/menu.o
                0x00001093                menuText_ok
 .progmem.data.menuPages
                0x00001097      0xc00 build/menu.o
                0x00001097                menuPages
 .progmem.data.__c.3340
                0x00001c97       0x10 build/presetManager.o
 .progmem.data.__c.3330
                0x00001ca7        0xf build/presetManager.o
 .progmem.data.__c.3256
                0x00001cb6        0x9 build/presetManager.o
 .progmem.data.__c.3440
                0x00001cbf        0x5 build/presetManager.o
 .progmem.data.__c.3436
                0x00001cc4        0x5 build/presetManager.o
 .progmem.data.__c.3433
                0x00001cc9        0x5 build/presetManager.o
 .progmem.data.__c.3429
                0x00001cce        0x5 build/presetManager.o
                0x00001cd4                . = ALIGN (0x2)
 *fill*         0x00001cd3        0x1 
 *(.jumptables)
 *(.jumptables*)
 *(.lowtext)
 *(.lowtext*)
                0x00001cd4                __ctors_start = .
 *(.ctors)
                0x00001cd4                __ctors_end = .
                0x00001cd4                __dtors_start = .
 *(.dtors)
                0x00001cd4                __dtors_end = .
 SORT(*)(.ctors)
 SORT(*)(.dtors)
 *(.init0)
 .init0         0x00001cd4        0x0 /usr/local/CrossPack-AVR-20131216/lib/gcc/avr/4.8.1/../../../../avr/lib/avr5/crtm644.o
                0x00001cd4                __init
 *(.init0)
 *(.init1)
 *(.init1)
 *(.init2)
 .init2         0x00001cd4        0xc /usr/local/CrossPack-AVR-20131216/lib/gcc/avr/4.8.1/../../../../avr/lib/avr5/crtm644.o
 *(.init2)
 *(.init3)
 *(.init3)
 *(.init4)
 .init4         0x00001ce0       0x16 /usr/local/CrossPack-AVR-20131216/lib/gcc/avr/4.8.1/avr5/libgcc.a(_copy_data.o)
                0x00001ce0                __do_copy_data
 .init4         0x00001cf6       0x10 /usr/local/CrossPack-AVR-20131216/lib/gcc/avr/4.8.1/avr5/libgcc.a(_clear_bss.o)
                0x00001cf6                __do_clear_bss
 *(.init4)
 *(.init5)
 *(.init5)
 *(.init6)
 *(.init6)
 *(.init7)
 *(.init7)
 *(.init8)
 *(.init8)
 *(.init9)
 .init9         0x00001d06        0x8 /usr/local/CrossPack-AVR-20131216/lib/gcc/avr/4.8.1/../../../../avr/lib/avr5/crtm644.o
 *(.init9)
 *(.text)
 .text          0x00001d0e        0x4 /usr/local/CrossPack-AVR-20131216/lib/gcc/avr/4.8.1/../../../../avr/lib/avr5/crtm644.o
                0x00001d0e                __vector_18
                0x00001d0e                __vector_1
                0x00001d0e                __vector_24
                0x00001d0e                __vector_12
                0x00001d0e                __bad_interrupt
                0x00001d0e                __vector_6
                0x00001d0e                __vector_3
                0x00001d0e                __vector_23
                0x00001d0e                __vector_25
                0x00001d0e                __vector_13
                0x00001d0e                __vector_17
                0x00001d0e                __vector_19
                0x00001d0e                __vector_7
                0x00001d0e                __vector_27
                0x00001d0e                __vector_5
                0x00001d0e                __vector_4
                0x00001d0e                __vector_9
                0x00001d0e                __vector_2
                0x00001d0e                __vector_15
                0x00001d0e                __vector_8
                0x00001d0e                __vector_26
                0x00001d0e                __vector_14
                0x00001d0e                __vector_10
                0x00001d0e                __vector_22
                0x00001d12                . = ALIGN (0x2)
 *(.text.*)
 .text.buttonHandler_setRemoveStep
                0x00001d12       0x56 build/buttonHandler.o
 .text.buttonHandler_updateSubSteps
                0x00001d68       0x28 build/buttonHandler.o
 .text.buttonHandler_selectActiveStep
                0x00001d90       0x78 build/buttonHandler.o
 .text.buttonHandler_enterSeqModeStepMode
                0x00001e08       0x1a build/buttonHandler.o
 .text.buttonHandler_TimerActionOccured
                0x00001e22       0xd4 build/buttonHandler.o
 .text.buttonHandler_getArmedAutomationStep
                0x00001ef6        0x6 build/buttonHandler.o
                0x00001ef6                buttonHandler_getArmedAutomationStep
 .text.buttonHandler_tick
                0x00001efc       0x58 build/buttonHandler.o
                0x00001efc                buttonHandler_tick
 .text.buttonHandler_getShift
                0x00001f54       0x10 build/buttonHandler.o
                0x00001f54                buttonHandler_getShift
 .text.buttonHandler_handleSelectButton
                0x00001f64      0x166 build/buttonHandler.o
 .text.buttonHandler_muteVoice
                0x000020ca       0x36 build/buttonHandler.o
                0x000020ca                buttonHandler_muteVoice
 .text.buttonHandler_showMuteLEDs
                0x00002100       0x12 build/buttonHandler.o
                0x00002100                buttonHandler_showMuteLEDs
 .text.buttonHandler_buttonReleased
                0x00002112      0x1c6 build/buttonHandler.o
                0x00002112                buttonHandler_buttonReleased
 .text.buttonHandler_getMode
                0x000022d8        0x8 build/buttonHandler.o
                0x000022d8                buttonHandler_getMode
 .text.buttonHandler_setRunStopState
                0x000022e0       0x1c build/buttonHandler.o
                0x000022e0                buttonHandler_setRunStopState
 .text.buttonHandler_buttonPressed
                0x000022fc      0x55a build/buttonHandler.o
                0x000022fc                buttonHandler_buttonPressed
 .text.encode_init
                0x00002856       0x48 build/encoder.o
                0x00002856                encode_init
 .text.__vector_16
                0x0000289e       0x7a build/encoder.o
                0x0000289e                __vector_16
 .text.encode_read4
                0x00002918       0x16 build/encoder.o
                0x00002918                encode_read4
 .text.encode_readButton
                0x0000292e        0xc build/encoder.o
                0x0000292e                encode_readButton
 .text.fifo_init
                0x0000293a       0x1c build/fifo.o
                0x0000293a                fifo_init
 .text.fifo_bufferIn
                0x00002956       0x28 build/fifo.o
                0x00002956                fifo_bufferIn
 .text.fifo_BufferOut
                0x0000297e       0x2e build/fifo.o
                0x0000297e                fifo_BufferOut
 .text.frontPanel_sendData
                0x000029ac       0x3c build/frontPanelParser.o
                0x000029ac                frontPanel_sendData
 .text.frontParser_parseNrpn
                0x000029e8       0xa0 build/frontPanelParser.o
                0x000029e8                frontParser_parseNrpn
 .text.frontPanel_ccHandler
                0x00002a88       0x68 build/frontPanelParser.o
                0x00002a88                frontPanel_ccHandler
 .text.frontPanel_parseData
                0x00002af0      0x4da build/frontPanelParser.o
                0x00002af0                frontPanel_parseData
 .text.frontPanel_sendByte
                0x00002fca       0x12 build/frontPanelParser.o
                0x00002fca                frontPanel_sendByte
 .text.lcd_enable
                0x00002fdc        0xe build/lcd.o
 .text.lcd_out  0x00002fea       0x14 build/lcd.o
 .text.lcd_data
                0x00002ffe       0x24 build/lcd.o
                0x00002ffe                lcd_data
 .text.lcd_command
                0x00003022       0x24 build/lcd.o
                0x00003022                lcd_command
 .text.lcd_turnOn
                0x00003046        0xe build/lcd.o
                0x00003046                lcd_turnOn
 .text.lcd_clear
                0x00003054       0x14 build/lcd.o
                0x00003054                lcd_clear
 .text.lcd_init
                0x00003068       0x84 build/lcd.o
                0x00003068                lcd_init
 .text.lcd_home
                0x000030ec       0x14 build/lcd.o
                0x000030ec                lcd_home
 .text.lcd_setcursor
                0x00003100       0x28 build/lcd.o
                0x00003100                lcd_setcursor
 .text.lcd_string
                0x00003128       0x18 build/lcd.o
                0x00003128                lcd_string
 .text.lcd_string_F
                0x00003140       0x22 build/lcd.o
                0x00003140                lcd_string_F
 .text.disk_initialize
                0x00003162       0xa6 build/diskIo.o
                0x00003162                disk_initialize
 .text.disk_status
                0x00003208        0xe build/diskIo.o
                0x00003208                disk_status
 .text.disk_read
                0x00003216       0x64 build/diskIo.o
                0x00003216                disk_read
 .text.disk_write
                0x0000327a       0x64 build/diskIo.o
                0x0000327a                disk_write
 .text.disk_ioctl
                0x000032de       0x32 build/diskIo.o
                0x000032de                disk_ioctl
 .text.get_fattime
                0x00003310        0x8 build/diskIo.o
                0x00003310                get_fattime
 .text.mem_cpy  0x00003318       0x18 build/ff.o
 .text.move_window
                0x00003330       0xf0 build/ff.o
 .text.check_fs
                0x00003420       0xd2 build/ff.o
 .text.chk_mounted
                0x000034f2      0x6d0 build/ff.o
 .text.validate
                0x00003bc2       0x2c build/ff.o
 .text.clust2sect
                0x00003bee       0x52 build/ff.o
                0x00003bee                clust2sect
 .text.get_fat  0x00003c40      0x1c2 build/ff.o
                0x00003c40                get_fat
 .text.dir_sdi.constprop.5
                0x00003e02       0xf4 build/ff.o
 .text.put_fat  0x00003ef6      0x23c build/ff.o
                0x00003ef6                put_fat
 .text.create_chain
                0x00004132      0x1b2 build/ff.o
 .text.dir_next
                0x000042e4      0x20c build/ff.o
 .text.follow_path
                0x000044f0      0x234 build/ff.o
 .text.f_mount  0x00004724       0x2c build/ff.o
                0x00004724                f_mount
 .text.f_open   0x00004750      0x3f0 build/ff.o
                0x00004750                f_open
 .text.f_read   0x00004b40      0x27e build/ff.o
                0x00004b40                f_read
 .text.f_write  0x00004dbe      0x328 build/ff.o
                0x00004dbe                f_write
 .text.f_sync   0x000050e6      0x15a build/ff.o
                0x000050e6                f_sync
 .text.f_close  0x00005240       0x18 build/ff.o
                0x00005240                f_close
 .text.SD_sendCommand
                0x00005258       0xdc build/SD_routines.o
                0x00005258                SD_sendCommand
 .text.SD_init  0x00005334       0xe2 build/SD_routines.o
                0x00005334                SD_init
 .text.SD_checkCardAvailable
                0x00005416       0x20 build/SD_routines.o
                0x00005416                SD_checkCardAvailable
 .text.SD_readSingleBlockCustomBuffer
                0x00005436       0x64 build/SD_routines.o
                0x00005436                SD_readSingleBlockCustomBuffer
 .text.SD_writeSingleBlockCustomBuffer
                0x0000549a       0x98 build/SD_routines.o
                0x0000549a                SD_writeSingleBlockCustomBuffer
 .text.spi_init
                0x00005532       0x12 build/SPI_routines.o
                0x00005532                spi_init
 .text.spi_deInit
                0x00005544       0x14 build/SPI_routines.o
                0x00005544                spi_deInit
 .text.SPI_transmit
                0x00005558        0xc build/SPI_routines.o
                0x00005558                SPI_transmit
 .text.SPI_receive
                0x00005564        0xe build/SPI_routines.o
                0x00005564                SPI_receive
 .text.__vector_11
                0x00005572       0x40 build/timebase.o
                0x00005572                __vector_11
 .text.time_initTimer
                0x000055b2       0x12 build/timebase.o
                0x000055b2                time_initTimer
 .text.adc_init
                0x000055c4       0x4e build/adcPots.o
                0x000055c4                adc_init
 .text.adc_read
                0x00005612       0x2a build/adcPots.o
                0x00005612                adc_read
 .text.adc_readAvg
                0x0000563c       0x60 build/adcPots.o
                0x0000563c                adc_readAvg
 .text.adc_checkPots
                0x0000569c       0x58 build/adcPots.o
                0x0000569c                adc_checkPots
 .text.din_shift
                0x000056f4        0x6 build/din.o
                0x000056f4                din_shift
 .text.din_load
                0x000056fa        0x6 build/din.o
                0x000056fa                din_load
 .text.din_init
                0x00005700       0x22 build/din.o
                0x00005700                din_init
 .text.din_readNextInput
                0x00005722       0xdc build/din.o
                0x00005722                din_readNextInput
 .text.dout_init
                0x000057fe       0x1c build/dout.o
                0x000057fe                dout_init
 .text.dout_shift
                0x0000581a        0x6 build/dout.o
                0x0000581a                dout_shift
 .text.dout_load
                0x00005820        0x6 build/dout.o
                0x00005820                dout_load
 .text.dout_updateOutputs
                0x00005826       0x46 build/dout.o
                0x00005826                dout_updateOutputs
 .text.__vector_20
                0x0000586c       0x50 build/uart.o
                0x0000586c                __vector_20
 .text.__vector_21
                0x000058bc       0x78 build/uart.o
                0x000058bc                __vector_21
 .text.uart_init
                0x00005934       0x36 build/uart.o
                0x00005934                uart_init
 .text.uart_putc
                0x0000596a       0x16 build/uart.o
                0x0000596a                uart_putc
 .text.uart_getc
                0x00005980       0x16 build/uart.o
                0x00005980                uart_getc
 .text.uart_waitAck
                0x00005996       0x20 build/uart.o
                0x00005996                uart_waitAck
 .text.uart_checkAndParse
                0x000059b6       0x24 build/uart.o
                0x000059b6                uart_checkAndParse
 .text.led_init
                0x000059da       0x14 build/ledHandler.o
                0x000059da                led_init
 .text.led_clearSelectLeds
                0x000059ee        0xa build/ledHandler.o
                0x000059ee                led_clearSelectLeds
 .text.led_clearVoiceLeds
                0x000059f8       0x16 build/ledHandler.o
                0x000059f8                led_clearVoiceLeds
 .text.led_setActivePage
                0x00005a0e       0x2e build/ledHandler.o
                0x00005a0e                led_setActivePage
 .text.led_setActiveSelectButton
                0x00005a3c       0x2e build/ledHandler.o
                0x00005a3c                led_setActiveSelectButton
 .text.led_setActiveVoiceLeds
                0x00005a6a       0x20 build/ledHandler.o
                0x00005a6a                led_setActiveVoiceLeds
 .text.led_setActiveVoice
                0x00005a8a       0x3e build/ledHandler.o
                0x00005a8a                led_setActiveVoice
 .text.led_setValue
                0x00005ac8       0x44 build/ledHandler.o
                0x00005ac8                led_setValue
 .text.led_toggle
                0x00005b0c       0x44 build/ledHandler.o
                0x00005b0c                led_toggle
 .text.led_toggleTemp
                0x00005b50       0x32 build/ledHandler.o
                0x00005b50                led_toggleTemp
 .text.led_setBlinkLed.part.0
                0x00005b82       0x48 build/ledHandler.o
 .text.led_clearSequencerLeds
                0x00005bca       0x16 build/ledHandler.o
                0x00005bca                led_clearSequencerLeds
 .text.led_pulseLed
                0x00005be0       0x8a build/ledHandler.o
                0x00005be0                led_pulseLed
 .text.led_reset
                0x00005c6a       0x3e build/ledHandler.o
                0x00005c6a                led_reset
 .text.led_setActive_step
                0x00005ca8       0x2c build/ledHandler.o
                0x00005ca8                led_setActive_step
 .text.led_clearActive_step
                0x00005cd4        0x8 build/ledHandler.o
                0x00005cd4                led_clearActive_step
 .text.led_clearAllBlinkLeds
                0x00005cdc       0x46 build/ledHandler.o
                0x00005cdc                led_clearAllBlinkLeds
 .text.led_setBlinkLed
                0x00005d22       0x64 build/ledHandler.o
                0x00005d22                led_setBlinkLed
 .text.led_tickHandler
                0x00005d86      0x10a build/ledHandler.o
                0x00005d86                led_tickHandler
 .text.led_initPerformanceLeds
                0x00005e90       0x2a build/ledHandler.o
                0x00005e90                led_initPerformanceLeds
 .text.led_setMode2
                0x00005eba       0x7e build/ledHandler.o
                0x00005eba                led_setMode2
 .text.__vector_default
                0x00005f38       0x14 build/main.o
                0x00005f38                __vector_default
 .text.startup.main
                0x00005f4c      0x10a build/main.o
                0x00005f4c                main
 .text.getModTargetIdxFromGapIdx
                0x00006056       0x6a build/Cc2Text.o
                0x00006056                getModTargetIdxFromGapIdx
 .text.getNumModTargets
                0x000060c0        0x4 build/Cc2Text.o
                0x000060c0                getNumModTargets
 .text.paramToModTargetInit
                0x000060c4       0x1e build/Cc2Text.o
                0x000060c4                paramToModTargetInit
 .text.voiceFromModTargValue
                0x000060e2       0x62 build/Cc2Text.o
                0x000060e2                voiceFromModTargValue
 .text.getModTargetGapIndex
                0x00006144       0x60 build/Cc2Text.o
                0x00006144                getModTargetGapIndex
 .text.copyClear_armClearMenu.part.0
                0x000061a4       0x52 build/copyClearTools.o
 .text.copyClear_clearTrackAutom
                0x000061f6       0x20 build/copyClearTools.o
                0x000061f6                copyClear_clearTrackAutom
 .text.copyClear_clearCurrentPattern
                0x00006216       0x26 build/copyClearTools.o
                0x00006216                copyClear_clearCurrentPattern
 .text.copyClear_reset
                0x0000623c       0x14 build/copyClearTools.o
                0x0000623c                copyClear_reset
 .text.copyClear_setSrc
                0x00006250        0xa build/copyClearTools.o
                0x00006250                copyClear_setSrc
 .text.copyClear_setDst
                0x0000625a        0xa build/copyClearTools.o
                0x0000625a                copyClear_setDst
 .text.copyClear_srcSet
                0x00006264        0xe build/copyClearTools.o
                0x00006264                copyClear_srcSet
 .text.copyClear_clearCurrentTrack
                0x00006272       0x26 build/copyClearTools.o
                0x00006272                copyClear_clearCurrentTrack
 .text.copyClear_copyTrack
                0x00006298       0x48 build/copyClearTools.o
                0x00006298                copyClear_copyTrack
 .text.copyClear_copyPattern
                0x000062e0       0x48 build/copyClearTools.o
                0x000062e0                copyClear_copyPattern
 .text.copyClear_isClearModeActive
                0x00006328        0xe build/copyClearTools.o
                0x00006328                copyClear_isClearModeActive
 .text.copyClear_getClearTarget
                0x00006336        0x6 build/copyClearTools.o
                0x00006336                copyClear_getClearTarget
 .text.copyClear_setClearTarget
                0x0000633c       0x12 build/copyClearTools.o
                0x0000633c                copyClear_setClearTarget
 .text.copyClear_armClearMenu
                0x0000634e       0x12 build/copyClearTools.o
                0x0000634e                copyClear_armClearMenu
 .text.copyClear_executeClear
                0x00006360       0x32 build/copyClearTools.o
                0x00006360                copyClear_executeClear
 .text.has2ndPage
                0x00006392       0x26 build/menu.o
 .text.getMaxEntriesForMenu
                0x000063b8       0x44 build/menu.o
 .text.setNoteName
                0x000063fc       0x58 build/menu.o
 .text.menu_displayModTargetFull
                0x00006454       0x88 build/menu.o
 .text.menu_displayModTargetShort
                0x000064dc       0x96 build/menu.o
 .text.menu_setShownPattern
                0x00006572        0xe build/menu.o
                0x00006572                menu_setShownPattern
 .text.menu_getViewedPattern
                0x00006580        0x6 build/menu.o
                0x00006580                menu_getViewedPattern
 .text.lockPotentiometerFetch
                0x00006586       0x10 build/menu.o
                0x00006586                lockPotentiometerFetch
 .text.sendDisplayBuffer
                0x00006596       0xda build/menu.o
                0x00006596                sendDisplayBuffer
 .text.menu_setNumSamples
                0x00006670        0x6 build/menu.o
                0x00006670                menu_setNumSamples
 .text.menu_switchSubPage
                0x00006676       0x92 build/menu.o
                0x00006676                menu_switchSubPage
 .text.menu_resetActiveParameter
                0x00006708       0x20 build/menu.o
                0x00006708                menu_resetActiveParameter
 .text.menu_getSubPage
                0x00006728        0xc build/menu.o
                0x00006728                menu_getSubPage
 .text.menu_parseGlobalParam
                0x00006734      0x34e build/menu.o
                0x00006734                menu_parseGlobalParam
 .text.menu_sendAllGlobals
                0x00006a82       0x30 build/menu.o
                0x00006a82                menu_sendAllGlobals
 .text.menu_getActivePage
                0x00006ab2        0x6 build/menu.o
                0x00006ab2                menu_getActivePage
 .text.menu_getActiveVoice
                0x00006ab8        0x6 build/menu.o
                0x00006ab8                menu_getActiveVoice
 .text.menu_setActiveVoice
                0x00006abe       0x1e build/menu.o
                0x00006abe                menu_setActiveVoice
 .text.numtostrpu
                0x00006adc       0x3e build/menu.o
                0x00006adc                numtostrpu
 .text.numtostrps
                0x00006b1a       0x4c build/menu.o
                0x00006b1a                numtostrps
 .text.numtostru
                0x00006b66       0x4e build/menu.o
                0x00006b66                numtostru
 .text.getMenuItemNameForValue
                0x00006bb4      0x126 build/menu.o
 .text.menu_repaintGeneric
                0x00006cda      0x4e0 build/menu.o
                0x00006cda                menu_repaintGeneric
 .text.menu_repaint
                0x000071ba      0x1c2 build/menu.o
                0x000071ba                menu_repaint
 .text.menu_repaintAll
                0x0000737c       0x24 build/menu.o
                0x0000737c                menu_repaintAll
 .text.menu_handleSaveScreenKnobValue
                0x000073a0      0x152 build/menu.o
                0x000073a0                menu_handleSaveScreenKnobValue
 .text.menu_parseKnobValue
                0x000074f2      0x364 build/menu.o
                0x000074f2                menu_parseKnobValue
 .text.menu_resetSaveParameters
                0x00007856       0x34 build/menu.o
                0x00007856                menu_resetSaveParameters
 .text.menu_handleLoadSaveMenu
                0x0000788a      0x372 build/menu.o
                0x0000788a                menu_handleLoadSaveMenu
 .text.menu_parseEncoder
                0x00007bfc      0x3d4 build/menu.o
                0x00007bfc                menu_parseEncoder
 .text.menu_switchPage
                0x00007fd0       0xf6 build/menu.o
                0x00007fd0                menu_switchPage
 .text.menu_init
                0x000080c6       0x5a build/menu.o
                0x000080c6                menu_init
 .text.screensaver_pseudoRng
                0x00008120       0x28 build/screensaver.o
                0x00008120                screensaver_pseudoRng
 .text.screensaver_touch
                0x00008148       0x26 build/screensaver.o
                0x00008148                screensaver_touch
 .text.screensaver_process
                0x0000816e       0xf0 build/screensaver.o
                0x0000816e                screensaver_process
 .text.screensaver_check
                0x0000825e       0x34 build/screensaver.o
                0x0000825e                screensaver_check
 .text.preset_writeGlobalData
                0x00008292       0x44 build/presetManager.o
 .text.preset_makeFileName
                0x000082d6       0x40 build/presetManager.o
 .text.preset_readGlobalData
                0x00008316       0x5a build/presetManager.o
 .text.preset_readDrumsetData
                0x00008370       0x9a build/presetManager.o
 .text.preset_readPatternData
                0x0000840a      0x378 build/presetManager.o
 .text.preset_init
                0x00008782        0xa build/presetManager.o
                0x00008782                preset_init
 .text.preset_saveGlobals
                0x0000878c       0x1a build/presetManager.o
                0x0000878c                preset_saveGlobals
 .text.preset_loadGlobals
                0x000087a6       0x24 build/presetManager.o
                0x000087a6                preset_loadGlobals
 .text.preset_loadName
                0x000087ca       0xa2 build/presetManager.o
                0x000087ca                preset_loadName
 .text.preset_queryStepDataFromSeq
                0x0000886c       0x74 build/presetManager.o
                0x0000886c                preset_queryStepDataFromSeq
 .text.preset_queryPatternInfoFromSeq
                0x000088e0       0x74 build/presetManager.o
                0x000088e0                preset_queryPatternInfoFromSeq
 .text.preset_queryMainStepDataFromSeq
                0x00008954       0xa4 build/presetManager.o
                0x00008954                preset_queryMainStepDataFromSeq
 .text.preset_writePatternData
                0x000089f8      0x252 build/presetManager.o
 .text.preset_savePattern
                0x00008c4a       0x7a build/presetManager.o
                0x00008c4a                preset_savePattern
 .text.preset_loadPattern
                0x00008cc4       0x86 build/presetManager.o
                0x00008cc4                preset_loadPattern
 .text.preset_morph
                0x00008d4a       0x94 build/presetManager.o
                0x00008d4a                preset_morph
 .text.preset_sendDrumsetParameters
                0x00008dde       0xc8 build/presetManager.o
                0x00008dde                preset_sendDrumsetParameters
 .text.preset_loadDrumset
                0x00008ea6       0x8e build/presetManager.o
                0x00008ea6                preset_loadDrumset
 .text.preset_getMorphValue
                0x00008f34       0x38 build/presetManager.o
                0x00008f34                preset_getMorphValue
 .text.preset_writeDrumsetData
                0x00008f6c       0xb6 build/presetManager.o
 .text.preset_saveDrumset
                0x00009022       0x6c build/presetManager.o
                0x00009022                preset_saveDrumset
 .text.preset_saveAll
                0x0000908e      0x14a build/presetManager.o
                0x0000908e                preset_saveAll
 .text.preset_loadAll
                0x000091d8      0x1aa build/presetManager.o
                0x000091d8                preset_loadAll
 .text.libgcc.div
                0x00009382       0x18 /usr/local/CrossPack-AVR-20131216/lib/gcc/avr/4.8.1/avr5/libgcc.a(_udivmodqi4.o)
                0x00009382                __udivmodqi4
 .text.libgcc.div
                0x0000939a       0x1c /usr/local/CrossPack-AVR-20131216/lib/gcc/avr/4.8.1/avr5/libgcc.a(_divmodqi4.o)
                0x0000939a                __divmodqi4
 .text.libgcc.div
                0x000093b6       0x44 /usr/local/CrossPack-AVR-20131216/lib/gcc/avr/4.8.1/avr5/libgcc.a(_udivmodsi4.o)
                0x000093b6                __udivmodsi4
 .text.libgcc   0x000093fa        0xc /usr/local/CrossPack-AVR-20131216/lib/gcc/avr/4.8.1/avr5/libgcc.a(_tablejump.o)
                0x000093fa                __tablejump2__
                0x000093fe                __tablejump__
 .text.libgcc.mul
                0x00009406       0x16 /usr/local/CrossPack-AVR-20131216/lib/gcc/avr/4.8.1/avr5/libgcc.a(_muluhisi3.o)
                0x00009406                __muluhisi3
 .text.libgcc.mul
                0x0000941c       0x1e /usr/local/CrossPack-AVR-20131216/lib/gcc/avr/4.8.1/avr5/libgcc.a(_umulhisi3.o)
                0x0000941c                __umulhisi3
 .text.avr-libc.fplib
                0x0000943a        0xa /usr/local/CrossPack-AVR-20131216/lib/gcc/avr/4.8.1/../../../../avr/lib/avr5/libm.a(addsf3.o)
                0x0000943a                __subsf3
                0x0000943c                __addsf3
 .text.avr-libc.fplib
                0x00009444       0xc0 /usr/local/CrossPack-AVR-20131216/lib/gcc/avr/4.8.1/../../../../avr/lib/avr5/libm.a(addsf3x.o)
                0x0000945e                __addsf3x
 .text.avr-libc.fplib
                0x00009504       0x58 /usr/local/CrossPack-AVR-20131216/lib/gcc/avr/4.8.1/../../../../avr/lib/avr5/libm.a(fixunssfsi.o)
                0x00009504                __fixunssfsi
 .text.avr-libc.fplib
                0x0000955c       0x7a /usr/local/CrossPack-AVR-20131216/lib/gcc/avr/4.8.1/../../../../avr/lib/avr5/libm.a(floatsisf.o)
                0x0000955c                __floatunsisf
                0x00009560                __floatsisf
 .text.avr-libc.fplib
                0x000095d6        0xc /usr/local/CrossPack-AVR-20131216/lib/gcc/avr/4.8.1/../../../../avr/lib/avr5/libm.a(fp_inf.o)
                0x000095d6                __fp_inf
 .text.avr-libc.fplib
                0x000095e2        0x6 /usr/local/CrossPack-AVR-20131216/lib/gcc/avr/4.8.1/../../../../avr/lib/avr5/libm.a(fp_nan.o)
                0x000095e2                __fp_nan
 .text.avr-libc.fplib
                0x000095e8        0xe /usr/local/CrossPack-AVR-20131216/lib/gcc/avr/4.8.1/../../../../avr/lib/avr5/libm.a(fp_pscA.o)
                0x000095e8                __fp_pscA
 .text.avr-libc.fplib
                0x000095f6        0xe /usr/local/CrossPack-AVR-20131216/lib/gcc/avr/4.8.1/../../../../avr/lib/avr5/libm.a(fp_pscB.o)
                0x000095f6                __fp_pscB
 .text.avr-libc.fplib
                0x00009604       0x22 /usr/local/CrossPack-AVR-20131216/lib/gcc/avr/4.8.1/../../../../avr/lib/avr5/libm.a(fp_round.o)
                0x00009604                __fp_round
 .text.avr-libc.fplib
                0x00009626       0x44 /usr/local/CrossPack-AVR-20131216/lib/gcc/avr/4.8.1/../../../../avr/lib/avr5/libm.a(fp_split3.o)
                0x00009626                __fp_split3
                0x00009636                __fp_splitA
 .text.avr-libc.fplib
                0x0000966a        0xe /usr/local/CrossPack-AVR-20131216/lib/gcc/avr/4.8.1/../../../../avr/lib/avr5/libm.a(fp_zero.o)
                0x0000966a                __fp_zero
                0x0000966c                __fp_szero
 .text.avr-libc.fplib
                0x00009678        0x8 /usr/local/CrossPack-AVR-20131216/lib/gcc/avr/4.8.1/../../../../avr/lib/avr5/libm.a(gesf2.o)
                0x00009678                __gtsf2
                0x00009678                __gesf2
 .text.avr-libc.fplib
                0x00009680        0x4 /usr/local/CrossPack-AVR-20131216/lib/gcc/avr/4.8.1/../../../../avr/lib/avr5/libm.a(mulsf3.o)
                0x00009680                __mulsf3
 .text.avr-libc.fplib
                0x00009684       0xc2 /usr/local/CrossPack-AVR-20131216/lib/gcc/avr/4.8.1/../../../../avr/lib/avr5/libm.a(mulsf3x.o)
                0x00009698                __mulsf3x
                0x0000969c                __mulsf3_pse
 .text.avr-libc.fplib
                0x00009746       0x48 /usr/local/CrossPack-AVR-20131216/lib/gcc/avr/4.8.1/../../../../avr/lib/avr5/libm.a(fp_cmp.o)
                0x00009746                __fp_cmp
 .text.avr-libc
                0x0000978e       0x10 /usr/local/CrossPack-AVR-20131216/lib/gcc/avr/4.8.1/../../../../avr/lib/avr5/libc.a(tolower.o)
                0x0000978e                tolower
 .text.avr-libc
                0x0000979e       0x10 /usr/local/CrossPack-AVR-20131216/lib/gcc/avr/4.8.1/../../../../avr/lib/avr5/libc.a(toupper.o)
                0x0000979e                toupper
 .text.avr-libc
                0x000097ae       0x12 /usr/local/CrossPack-AVR-20131216/lib/gcc/avr/4.8.1/../../../../avr/lib/avr5/libc.a(memcpy_P.o)
                0x000097ae                memcpy_P
 .text.avr-libc
                0x000097c0        0xe /usr/local/CrossPack-AVR-20131216/lib/gcc/avr/4.8.1/../../../../avr/lib/avr5/libc.a(strcpy_P.o)
                0x000097c0                strcpy_P
 .text.avr-libc
                0x000097ce        0xe /usr/local/CrossPack-AVR-20131216/lib/gcc/avr/4.8.1/../../../../avr/lib/avr5/libc.a(memset.o)
                0x000097ce                memset
 .text.avr-libc
                0x000097dc       0x16 /usr/local/CrossPack-AVR-20131216/lib/gcc/avr/4.8.1/../../../../avr/lib/avr5/libc.a(itoa_ncheck.o)
                0x000097dc                __itoa_ncheck
 .text.avr-libc
                0x000097f2       0x34 /usr/local/CrossPack-AVR-20131216/lib/gcc/avr/4.8.1/../../../../avr/lib/avr5/libc.a(utoa_ncheck.o)
                0x000097f2                __utoa_ncheck
                0x000097f4                __utoa_common
 .text.avr-libc
                0x00009826       0x20 /usr/local/CrossPack-AVR-20131216/lib/gcc/avr/4.8.1/../../../../avr/lib/avr5/libc.a(strrev.o)
                0x00009826                strrev
                0x00009846                . = ALIGN (0x2)
 *(.fini9)
 .fini9         0x00009846        0x0 /usr/local/CrossPack-AVR-20131216/lib/gcc/avr/4.8.1/avr5/libgcc.a(_exit.o)
                0x00009846                exit
                0x00009846                _exit
 *(.fini9)
 *(.fini8)
 *(.fini8)
 *(.fini7)
 *(.fini7)
 *(.fini6)
 *(.fini6)
 *(.fini5)
 *(.fini5)
 *(.fini4)
 *(.fini4)
 *(.fini3)
 *(.fini3)
 *(.fini2)
 *(.fini2)
 *(.fini1)
 *(.fini1)
 *(.fini0)
 .fini0         0x00009846        0x4 /usr/local/CrossPack-AVR-20131216/lib/gcc/avr/4.8.1/avr5/libgcc.a(_exit.o)
 *(.fini0)
                0x0000984a                _etext = .

.data           0x00800100       0xe4 load address 0x0000984a
                0x00800100                PROVIDE (__data_start, .)
 *(.data)
 .data          0x00800100        0x0 /usr/local/CrossPack-AVR-20131216/lib/gcc/avr/4.8.1/../../../../avr/lib/avr5/crtm644.o
 .data          0x00800100        0x0 build/buttonHandler.o
 .data          0x00800100        0x0 build/encoder.o
 .data          0x00800100        0x0 build/fifo.o
 .data          0x00800100        0x0 build/frontPanelParser.o
 .data          0x00800100        0x0 build/lcd.o
 .data          0x00800100        0x0 build/diskIo.o
 .data          0x00800100        0x0 build/ff.o
 .data          0x00800100        0x0 build/SD_routines.o
 .data          0x00800100        0x0 build/SPI_routines.o
 .data          0x00800100        0x0 build/timebase.o
 .data          0x00800100        0x0 build/adcPots.o
 .data          0x00800100        0x0 build/din.o
 .data          0x00800100        0x0 build/dout.o
 .data          0x00800100        0x0 build/uart.o
 .data          0x00800100        0x0 build/ledHandler.o
 .data          0x00800100        0x0 build/main.o
 .data          0x00800100        0x0 build/Cc2Text.o
 .data          0x00800100        0x0 build/copyClearTools.o
 .data          0x00800100        0x0 build/menu.o
 .data          0x00800100        0x0 build/screensaver.o
 .data          0x00800100        0x0 build/presetManager.o
 .data          0x00800100        0x0 /usr/local/CrossPack-AVR-20131216/lib/gcc/avr/4.8.1/avr5/libgcc.a(_udivmodqi4.o)
 .data          0x00800100        0x0 /usr/local/CrossPack-AVR-20131216/lib/gcc/avr/4.8.1/avr5/libgcc.a(_divmodqi4.o)
 .data          0x00800100        0x0 /usr/local/CrossPack-AVR-20131216/lib/gcc/avr/4.8.1/avr5/libgcc.a(_udivmodsi4.o)
 .data          0x00800100        0x0 /usr/local/CrossPack-AVR-20131216/lib/gcc/avr/4.8.1/avr5/libgcc.a(_exit.o)
 .data          0x00800100        0x0 /usr/local/CrossPack-AVR-20131216/lib/gcc/avr/4.8.1/avr5/libgcc.a(_tablejump.o)
 .data          0x00800100        0x0 /usr/local/CrossPack-AVR-20131216/lib/gcc/avr/4.8.1/avr5/libgcc.a(_copy_data.o)
 .data          0x00800100        0x0 /usr/local/CrossPack-AVR-20131216/lib/gcc/avr/4.8.1/avr5/libgcc.a(_clear_bss.o)
 .data          0x00800100        0x0 /usr/local/CrossPack-AVR-20131216/lib/gcc/avr/4.8.1/avr5/libgcc.a(_muluhisi3.o)
 .data          0x00800100        0x0 /usr/local/CrossPack-AVR-20131216/lib/gcc/avr/4.8.1/avr5/libgcc.a(_umulhisi3.o)
 .data          0x00800100        0x0 /usr/local/CrossPack-AVR-20131216/lib/gcc/avr/4.8.1/../../../../avr/lib/avr5/libm.a(addsf3.o)
 .data          0x00800100        0x0 /usr/local/CrossPack-AVR-20131216/lib/gcc/avr/4.8.1/../../../../avr/lib/avr5/libm.a(addsf3x.o)
 .data          0x00800100        0x0 /usr/local/CrossPack-AVR-20131216/lib/gcc/avr/4.8.1/../../../../avr/lib/avr5/libm.a(fixunssfsi.o)
 .data          0x00800100        0x0 /usr/local/CrossPack-AVR-20131216/lib/gcc/avr/4.8.1/../../../../avr/lib/avr5/libm.a(floatsisf.o)
 .data          0x00800100        0x0 /usr/local/CrossPack-AVR-20131216/lib/gcc/avr/4.8.1/../../../../avr/lib/avr5/libm.a(fp_inf.o)
 .data          0x00800100        0x0 /usr/local/CrossPack-AVR-20131216/lib/gcc/avr/4.8.1/../../../../avr/lib/avr5/libm.a(fp_nan.o)
 .data          0x00800100        0x0 /usr/local/CrossPack-AVR-20131216/lib/gcc/avr/4.8.1/../../../../avr/lib/avr5/libm.a(fp_pscA.o)
 .data          0x00800100        0x0 /usr/local/CrossPack-AVR-20131216/lib/gcc/avr/4.8.1/../../../../avr/lib/avr5/libm.a(fp_pscB.o)
 .data          0x00800100        0x0 /usr/local/CrossPack-AVR-20131216/lib/gcc/avr/4.8.1/../../../../avr/lib/avr5/libm.a(fp_round.o)
 .data          0x00800100        0x0 /usr/local/CrossPack-AVR-20131216/lib/gcc/avr/4.8.1/../../../../avr/lib/avr5/libm.a(fp_split3.o)
 .data          0x00800100        0x0 /usr/local/CrossPack-AVR-20131216/lib/gcc/avr/4.8.1/../../../../avr/lib/avr5/libm.a(fp_zero.o)
 .data          0x00800100        0x0 /usr/local/CrossPack-AVR-20131216/lib/gcc/avr/4.8.1/../../../../avr/lib/avr5/libm.a(gesf2.o)
 .data          0x00800100        0x0 /usr/local/CrossPack-AVR-20131216/lib/gcc/avr/4.8.1/../../../../avr/lib/avr5/libm.a(mulsf3.o)
 .data          0x00800100        0x0 /usr/local/CrossPack-AVR-20131216/lib/gcc/avr/4.8.1/../../../../avr/lib/avr5/libm.a(mulsf3x.o)
 .data          0x00800100        0x0 /usr/local/CrossPack-AVR-20131216/lib/gcc/avr/4.8.1/../../../../avr/lib/avr5/libm.a(fp_cmp.o)
 .data          0x00800100        0x0 /usr/local/CrossPack-AVR-20131216/lib/gcc/avr/4.8.1/../../../../avr/lib/avr5/libc.a(tolower.o)
 .data          0x00800100        0x0 /usr/local/CrossPack-AVR-20131216/lib/gcc/avr/4.8.1/../../../../avr/lib/avr5/libc.a(toupper.o)
 .data          0x00800100        0x0 /usr/local/CrossPack-AVR-20131216/lib/gcc/avr/4.8.1/../../../../avr/lib/avr5/libc.a(memcpy_P.o)
 .data          0x00800100        0x0 /usr/local/CrossPack-AVR-20131216/lib/gcc/avr/4.8.1/../../../../avr/lib/avr5/libc.a(strcpy_P.o)
 .data          0x00800100        0x0 /usr/local/CrossPack-AVR-20131216/lib/gcc/avr/4.8.1/../../../../avr/lib/avr5/libc.a(memset.o)
 .data          0x00800100        0x0 /usr/local/CrossPack-AVR-20131216/lib/gcc/avr/4.8.1/../../../../avr/lib/avr5/libc.a(itoa_ncheck.o)
 .data          0x00800100        0x0 /usr/local/CrossPack-AVR-20131216/lib/gcc/avr/4.8.1/../../../../avr/lib/avr5/libc.a(utoa_ncheck.o)
 .data          0x00800100        0x0 /usr/local/CrossPack-AVR-20131216/lib/gcc/avr/4.8.1/../../../../avr/lib/avr5/libc.a(strrev.o)
 *(.data*)
 .data.buttonHandler_armedAutomationStep
                0x00800100        0x1 build/buttonHandler.o
 .data.buttonHandler_buttonTimerStepNr
                0x00800101        0x1 build/buttonHandler.o
 .data.selectedStepLed
                0x00800102        0x1 build/buttonHandler.o
 .data.Stat     0x00800103        0x1 build/diskIo.o
 .data.inputPos
                0x00800104        0x1 build/din.o
 .data.buttonHandler_copyDst
                0x00800105        0x1 build/copyClearTools.o
                0x00800105                buttonHandler_copyDst
 .data.buttonHandler_copySrc
                0x00800106        0x1 build/copyClearTools.o
                0x00800106                buttonHandler_copySrc
 .data.parameterFetch
                0x00800107        0x1 build/menu.o
 .data.menu_TargetVoiceGapIndex
                0x00800108        0x1 build/menu.o
 .data.screensaver_Timeout
                0x00800109        0x2 build/screensaver.o
                0x00800109                screensaver_Timeout
 *(.rodata)
 *(.rodata*)
 .rodata.str1.1
                0x0080010b        0xf build/ff.o
 .rodata.excvt.1780
                0x0080011a       0x80 build/ff.o
 .rodata.str1.1
                0x0080019a        0x5 build/main.o
 .rodata.str1.1
                0x0080019f       0x29 build/copyClearTools.o
 .rodata.CSWTCH.135
                0x008001c8        0xe build/menu.o
 .rodata.str1.1
                0x008001d6        0x8 build/presetManager.o
 .rodata.CSWTCH.29
                0x008001de        0x6 build/presetManager.o
 *(.gnu.linkonce.d*)
                0x008001e4                . = ALIGN (0x2)
                0x008001e4                _edata = .
                0x008001e4                PROVIDE (__data_end, .)

.bss            0x008001e4      0x808
                0x008001e4                PROVIDE (__bss_start, .)
 *(.bss)
 *(.bss*)
 .bss.buttonHandler_mutedVoices
                0x008001e4        0x1 build/buttonHandler.o
 .bss.buttonHandler_resetLock
                0x008001e5        0x1 build/buttonHandler.o
                0x008001e5                buttonHandler_resetLock
 .bss.buttonHandler_originalValue
                0x008001e6        0x1 build/buttonHandler.o
                0x008001e6                buttonHandler_originalValue
 .bss.buttonHandler_originalParameter
                0x008001e7        0x2 build/buttonHandler.o
                0x008001e7                buttonHandler_originalParameter
 .bss.buttonHandler_buttonTimer
                0x008001e9        0x2 build/buttonHandler.o
 .bss.buttonHandler_selectedStep
                0x008001eb        0x1 build/buttonHandler.o
                0x008001eb                buttonHandler_selectedStep
 .bss.lastActiveSubPage
                0x008001ec        0x1 build/buttonHandler.o
 .bss.lastActivePage
                0x008001ed        0x1 build/buttonHandler.o
 .bss.lastButton
                0x008001ee        0x1 build/encoder.o
 .bss.last      0x008001ef        0x1 build/encoder.o
 .bss.frontParser_nameIndex
                0x008001f0        0x1 build/frontPanelParser.o
                0x008001f0                frontParser_nameIndex
 .bss.frontParser_newSeqDataAvailable
                0x008001f1        0x1 build/frontPanelParser.o
                0x008001f1                frontParser_newSeqDataAvailable
 .bss.frontPanel_sysexMode
                0x008001f2        0x1 build/frontPanelParser.o
                0x008001f2                frontPanel_sysexMode
 .bss.frontParser_nrpnNr
                0x008001f3        0x2 build/frontPanelParser.o
 .bss.frontParser_rxCnt
                0x008001f5        0x1 build/frontPanelParser.o
 .bss.Fsid      0x008001f6        0x2 build/ff.o
 .bss.FatFs     0x008001f8        0x2 build/ff.o
 .bss.sd_cardAvailable
                0x008001fa        0x1 build/SD_routines.o
                0x008001fa                sd_cardAvailable
 .bss.time_sysTick
                0x008001fb        0x2 build/timebase.o
                0x008001fb                time_sysTick
 .bss.led_nextBlinkTime
                0x008001fd        0x2 build/ledHandler.o
                0x008001fd                led_nextBlinkTime
 .bss.led_currentStepLed
                0x008001ff        0x1 build/ledHandler.o
                0x008001ff                led_currentStepLed
 .bss.paramToModTarget
                0x00800200       0xe4 build/Cc2Text.o
                0x00800200                paramToModTarget
 .bss.copyClear_clearTarget
                0x008002e4        0x1 build/copyClearTools.o
 .bss.copyClear_Mode
                0x008002e5        0x1 build/copyClearTools.o
                0x008002e5                copyClear_Mode
 .bss.lastEncoderButton
                0x008002e6        0x1 build/menu.o
 .bss.editModeActive
                0x008002e7        0x1 build/menu.o
 .bss.menu_playedPattern
                0x008002e8        0x1 build/menu.o
                0x008002e8                menu_playedPattern
 .bss.menu_activeVoice
                0x008002e9        0x1 build/menu.o
                0x008002e9                menu_activeVoice
 .bss.menu_activePage
                0x008002ea        0x1 build/menu.o
                0x008002ea                menu_activePage
 .bss.visibleCursor
                0x008002eb        0x1 build/menu.o
                0x008002eb                visibleCursor
 .bss.menu_muteModeActive
                0x008002ec        0x1 build/menu.o
                0x008002ec                menu_muteModeActive
 .bss.menu_shownPattern
                0x008002ed        0x1 build/menu.o
                0x008002ed                menu_shownPattern
 .bss.menu_currentPresetNr
                0x008002ee        0x5 build/menu.o
 .bss.menu_numSamples
                0x008002f3        0x1 build/menu.o
                0x008002f3                menu_numSamples
 .bss.menuIndex
                0x008002f4        0x1 build/menu.o
 .bss.menu_saveOptions
                0x008002f5        0x1 build/menu.o
 .bss.screensaver_rng
                0x008002f6        0x2 build/screensaver.o
                0x008002f6                screensaver_rng
 .bss.screensaver_cellState
                0x008002f8        0x1 build/screensaver.o
                0x008002f8                screensaver_cellState
 .bss.screensaver_activeCell
                0x008002f9        0x1 build/screensaver.o
                0x008002f9                screensaver_activeCell
 .bss.screensaver_processTime
                0x008002fa        0x2 build/screensaver.o
 .bss.screensaver_Active
                0x008002fc        0x1 build/screensaver.o
                0x008002fc                screensaver_Active
 .bss.screensaver_timer
                0x008002fd        0x2 build/screensaver.o
                0x008002fd                screensaver_timer
 *(COMMON)
 COMMON         0x008002ff        0x1 build/buttonHandler.o
                0x008002ff                buttonHandler_stateMemory
 COMMON         0x00800300        0x2 build/encoder.o
                0x00800300                buttonValue
                0x00800301                enc_delta
 COMMON         0x00800302       0x11 build/frontPanelParser.o
                0x00800302                frontParser_midiMsg
                0x00800305                frontParser_sysexBuffer
                0x0080030c                frontParser_stepData
 COMMON         0x00800313        0xa build/diskIo.o
                0x00800313                startBlock
                0x00800317                SDHC_flag
                0x00800318                totalBlocks
                0x0080031c                cardType
 COMMON         0x0080031d       0x10 build/adcPots.o
                0x0080031d                adc_potValues
                0x00800325                adc_potAvg
 COMMON         0x0080032d        0x5 build/din.o
                0x0080032d                din_inputData
 COMMON         0x00800332        0x5 build/dout.o
                0x00800332                dout_outputData
 COMMON         0x00800337      0x204 build/uart.o
                0x00800337                uart_txBuffer
                0x00800439                uart_rxBuffer
 COMMON         0x0080053b       0x23 build/ledHandler.o
                0x0080053b                led_pulsingLeds
                0x0080053c                led_pulseLedNumber
                0x00800544                led_blinkLedNumber
                0x00800548                led_pulseEndTime
                0x00800558                led_originalLedState
                0x0080055d                led_blinkingLeds
 COMMON         0x0080055e      0x238 build/menu.o
                0x0080055e                currentDisplayBuffer
                0x0080057e                editDisplayBuffer
                0x008005a0                parameter_values
                0x008006b2                parameters2
 COMMON         0x00800796      0x256 build/presetManager.o
                0x00800796                preset_Fatfs
                0x008009c4                preset_File
                0x008009e4                preset_currentName
                0x008009ec                PROVIDE (__bss_end, .)
                0x0000984a                __data_load_start = LOADADDR (.data)
                0x0000992e                __data_load_end = (__data_load_start + SIZEOF (.data))

.noinit         0x008009ec        0x0
                0x008009ec                PROVIDE (__noinit_start, .)
 *(.noinit*)
                0x008009ec                PROVIDE (__noinit_end, .)
                0x008009ec                _end = .
                0x008009ec                PROVIDE (__heap_start, .)

.eeprom         0x00810000        0x0
 *(.eeprom*)
                0x00810000                __eeprom_end = .

.fuse
 *(.fuse)
 *(.lfuse)
 *(.hfuse)
 *(.efuse)

.lock
 *(.lock*)

.signature
 *(.signature*)

.user_signatures
 *(.user_signatures*)

.stab
 *(.stab)

.stabstr
 *(.stabstr)

.stab.excl
 *(.stab.excl)

.stab.exclstr
 *(.stab.exclstr)

.stab.index
 *(.stab.index)

.stab.indexstr
 *(.stab.indexstr)

.comment        0x00000000       0x11
 *(.comment)
 .comment       0x00000000       0x11 build/buttonHandler.o
                                 0x12 (size before relaxing)
 .comment       0x00000000       0x12 build/encoder.o
 .comment       0x00000000       0x12 build/fifo.o
 .comment       0x00000000       0x12 build/frontPanelParser.o
 .comment       0x00000000       0x12 build/lcd.o
 .comment       0x00000000       0x12 build/diskIo.o
 .comment       0x00000000       0x12 build/ff.o
 .comment       0x00000000       0x12 build/SD_routines.o
 .comment       0x00000000       0x12 build/SPI_routines.o
 .comment       0x00000000       0x12 build/timebase.o
 .comment       0x00000000       0x12 build/adcPots.o
 .comment       0x00000000       0x12 build/din.o
 .comment       0x00000000       0x12 build/dout.o
 .comment       0x00000000       0x12 build/uart.o
 .comment       0x00000000       0x12 build/ledHandler.o
 .comment       0x00000000       0x12 build/main.o
 .comment       0x00000000       0x12 build/Cc2Text.o
 .comment       0x00000000       0x12 build/copyClearTools.o
 .comment       0x00000000       0x12 build/menu.o
 .comment       0x00000000       0x12 build/screensaver.o
 .comment       0x00000000       0x12 build/presetManager.o

.debug
 *(.debug)

.line
 *(.line)

.debug_srcinfo
 *(.debug_srcinfo)

.debug_sfnames
 *(.debug_sfnames)

.debug_aranges  0x00000000      0x120
 *(.debug_aranges)
 .debug_aranges
                0x00000000       0x20 /usr/local/CrossPack-AVR-20131216/lib/gcc/avr/4.8.1/avr5/libgcc.a(_udivmodqi4.o)
 .debug_aranges
                0x00000020       0x20 /usr/local/CrossPack-AVR-20131216/lib/gcc/avr/4.8.1/avr5/libgcc.a(_divmodqi4.o)
 .debug_aranges
                0x00000040       0x20 /usr/local/CrossPack-AVR-20131216/lib/gcc/avr/4.8.1/avr5/libgcc.a(_udivmodsi4.o)
 .debug_aranges
                0x00000060       0x20 /usr/local/CrossPack-AVR-20131216/lib/gcc/avr/4.8.1/avr5/libgcc.a(_exit.o)
 .debug_aranges
                0x00000080       0x20 /usr/local/CrossPack-AVR-20131216/lib/gcc/avr/4.8.1/avr5/libgcc.a(_tablejump.o)
 .debug_aranges
                0x000000a0       0x20 /usr/local/CrossPack-AVR-20131216/lib/gcc/avr/4.8.1/avr5/libgcc.a(_copy_data.o)
 .debug_aranges
                0x000000c0       0x20 /usr/local/CrossPack-AVR-20131216/lib/gcc/avr/4.8.1/avr5/libgcc.a(_clear_bss.o)
 .debug_aranges
                0x000000e0       0x20 /usr/local/CrossPack-AVR-20131216/lib/gcc/avr/4.8.1/avr5/libgcc.a(_muluhisi3.o)
 .debug_aranges
                0x00000100       0x20 /usr/local/CrossPack-AVR-20131216/lib/gcc/avr/4.8.1/avr5/libgcc.a(_umulhisi3.o)

.debug_pubnames
 *(.debug_pubnames)

.debug_info     0x00000000      0x6ae
 *(.debug_info)
 .debug_info    0x00000000       0xbe /usr/local/CrossPack-AVR-20131216/lib/gcc/avr/4.8.1/avr5/libgcc.a(_udivmodqi4.o)
 .debug_info    0x000000be       0xbe /usr/local/CrossPack-AVR-20131216/lib/gcc/avr/4.8.1/avr5/libgcc.a(_divmodqi4.o)
 .debug_info    0x0000017c       0xbe /usr/local/CrossPack-AVR-20131216/lib/gcc/avr/4.8.1/avr5/libgcc.a(_udivmodsi4.o)
 .debug_info    0x0000023a       0xbe /usr/local/CrossPack-AVR-20131216/lib/gcc/avr/4.8.1/avr5/libgcc.a(_exit.o)
 .debug_info    0x000002f8       0xbe /usr/local/CrossPack-AVR-20131216/lib/gcc/avr/4.8.1/avr5/libgcc.a(_tablejump.o)
 .debug_info    0x000003b6       0xbe /usr/local/CrossPack-AVR-20131216/lib/gcc/avr/4.8.1/avr5/libgcc.a(_copy_data.o)
 .debug_info    0x00000474       0xbe /usr/local/CrossPack-AVR-20131216/lib/gcc/avr/4.8.1/avr5/libgcc.a(_clear_bss.o)
 .debug_info    0x00000532       0xbe /usr/local/CrossPack-AVR-20131216/lib/gcc/avr/4.8.1/avr5/libgcc.a(_muluhisi3.o)
 .debug_info    0x000005f0       0xbe /usr/local/CrossPack-AVR-20131216/lib/gcc/avr/4.8.1/avr5/libgcc.a(_umulhisi3.o)
 *(.gnu.linkonce.wi.*)

.debug_abbrev   0x00000000       0xb4
 *(.debug_abbrev)
 .debug_abbrev  0x00000000       0x14 /usr/local/CrossPack-AVR-20131216/lib/gcc/avr/4.8.1/avr5/libgcc.a(_udivmodqi4.o)
 .debug_abbrev  0x00000014       0x14 /usr/local/CrossPack-AVR-20131216/lib/gcc/avr/4.8.1/avr5/libgcc.a(_divmodqi4.o)
 .debug_abbrev  0x00000028       0x14 /usr/local/CrossPack-AVR-20131216/lib/gcc/avr/4.8.1/avr5/libgcc.a(_udivmodsi4.o)
 .debug_abbrev  0x0000003c       0x14 /usr/local/CrossPack-AVR-20131216/lib/gcc/avr/4.8.1/avr5/libgcc.a(_exit.o)
 .debug_abbrev  0x00000050       0x14 /usr/local/CrossPack-AVR-20131216/lib/gcc/avr/4.8.1/avr5/libgcc.a(_tablejump.o)
 .debug_abbrev  0x00000064       0x14 /usr/local/CrossPack-AVR-20131216/lib/gcc/avr/4.8.1/avr5/libgcc.a(_copy_data.o)
 .debug_abbrev  0x00000078       0x14 /usr/local/CrossPack-AVR-20131216/lib/gcc/avr/4.8.1/avr5/libgcc.a(_clear_bss.o)
 .debug_abbrev  0x0000008c       0x14 /usr/local/CrossPack-AVR-20131216/lib/gcc/avr/4.8.1/avr5/libgcc.a(_muluhisi3.o)
 .debug_abbrev  0x000000a0       0x14 /usr/local/CrossPack-AVR-20131216/lib/gcc/avr/4.8.1/avr5/libgcc.a(_umulhisi3.o)

.debug_line     0x00000000      0x375
 *(.debug_line)
 .debug_line    0x00000000       0x62 /usr/local/CrossPack-AVR-20131216/lib/gcc/avr/4.8.1/avr5/libgcc.a(_udivmodqi4.o)
 .debug_line    0x00000062       0x63 /usr/local/CrossPack-AVR-20131216/lib/gcc/avr/4.8.1/avr5/libgcc.a(_divmodqi4.o)
 .debug_line    0x000000c5       0x78 /usr/local/CrossPack-AVR-20131216/lib/gcc/avr/4.8.1/avr5/libgcc.a(_udivmodsi4.o)
 .debug_line    0x0000013d       0x58 /usr/local/CrossPack-AVR-20131216/lib/gcc/avr/4.8.1/avr5/libgcc.a(_exit.o)
 .debug_line    0x00000195       0x5c /usr/local/CrossPack-AVR-20131216/lib/gcc/avr/4.8.1/avr5/libgcc.a(_tablejump.o)
 .debug_line    0x000001f1       0x61 /usr/local/CrossPack-AVR-20131216/lib/gcc/avr/4.8.1/avr5/libgcc.a(_copy_data.o)
 .debug_line    0x00000252       0x5e /usr/local/CrossPack-AVR-20131216/lib/gcc/avr/4.8.1/avr5/libgcc.a(_clear_bss.o)
 .debug_line    0x000002b0       0x60 /usr/local/CrossPack-AVR-20131216/lib/gcc/avr/4.8.1/avr5/libgcc.a(_muluhisi3.o)
 .debug_line    0x00000310       0x65 /usr/local/CrossPack-AVR-20131216/lib/gcc/avr/4.8.1/avr5/libgcc.a(_umulhisi3.o)

.debug_frame
 *(.debug_frame)

.debug_str
 *(.debug_str)

.debug_loc
 *(.debug_loc)

.debug_macinfo
 *(.debug_macinfo)

.debug_pubtypes
 *(.debug_pubtypes)

.debug_ranges
 *(.debug_ranges)

.debug_macro
 *(.debug_macro)
OUTPUT(build/AVR.elf elf32-avr)
LOAD linker stubs
